Component: ARM Compiler 5.06 update 5 (build 528) Tool: armlink [4d35e2]

==============================================================================

Section Cross References

    startup_stm32f103xb.o(RESET) refers to startup_stm32f103xb.o(STACK) for __initial_sp
    startup_stm32f103xb.o(RESET) refers to startup_stm32f103xb.o(.text) for Reset_Handler
    startup_stm32f103xb.o(RESET) refers to stm32f1xx_it.o(i.NMI_Handler) for NMI_Handler
    startup_stm32f103xb.o(RESET) refers to stm32f1xx_it.o(i.HardFault_Handler) for HardFault_Handler
    startup_stm32f103xb.o(RESET) refers to stm32f1xx_it.o(i.MemManage_Handler) for MemManage_Handler
    startup_stm32f103xb.o(RESET) refers to stm32f1xx_it.o(i.BusFault_Handler) for BusFault_Handler
    startup_stm32f103xb.o(RESET) refers to stm32f1xx_it.o(i.UsageFault_Handler) for UsageFault_Handler
    startup_stm32f103xb.o(RESET) refers to stm32f1xx_it.o(i.SVC_Handler) for SVC_Handler
    startup_stm32f103xb.o(RESET) refers to stm32f1xx_it.o(i.DebugMon_Handler) for DebugMon_Handler
    startup_stm32f103xb.o(RESET) refers to stm32f1xx_it.o(i.PendSV_Handler) for PendSV_Handler
    startup_stm32f103xb.o(RESET) refers to stm32f1xx_it.o(i.SysTick_Handler) for SysTick_Handler
    startup_stm32f103xb.o(RESET) refers to stm32f1xx_it.o(i.TIM1_UP_IRQHandler) for TIM1_UP_IRQHandler
    startup_stm32f103xb.o(RESET) refers to stm32f1xx_it.o(i.USART1_IRQHandler) for USART1_IRQHandler
    startup_stm32f103xb.o(RESET) refers to stm32f1xx_it.o(i.USART2_IRQHandler) for USART2_IRQHandler
    startup_stm32f103xb.o(.text) refers to system_stm32f1xx.o(i.SystemInit) for SystemInit
    startup_stm32f103xb.o(.text) refers to entry.o(.ARM.Collect$$$$00000000) for __main
    main.o(i.HAL_TIM_PeriodElapsedCallback) refers to stm32f1xx_hal.o(i.HAL_IncTick) for HAL_IncTick
    main.o(i.SystemClock_Config) refers to memseta.o(.text) for __aeabi_memclr4
    main.o(i.SystemClock_Config) refers to stm32f1xx_hal_rcc.o(i.HAL_RCC_OscConfig) for HAL_RCC_OscConfig
    main.o(i.SystemClock_Config) refers to stm32f1xx_hal_rcc.o(i.HAL_RCC_ClockConfig) for HAL_RCC_ClockConfig
    main.o(i.SystemClock_Config) refers to stm32f1xx_hal_rcc_ex.o(i.HAL_RCCEx_PeriphCLKConfig) for HAL_RCCEx_PeriphCLKConfig
    main.o(i.main) refers to stm32f1xx_hal.o(i.HAL_Init) for HAL_Init
    main.o(i.main) refers to main.o(i.SystemClock_Config) for SystemClock_Config
    main.o(i.main) refers to gpio.o(i.MX_GPIO_Init) for MX_GPIO_Init
    main.o(i.main) refers to tim.o(i.MX_TIM4_Init) for MX_TIM4_Init
    main.o(i.main) refers to adc.o(i.MX_ADC1_Init) for MX_ADC1_Init
    main.o(i.main) refers to i2c.o(i.MX_I2C2_Init) for MX_I2C2_Init
    main.o(i.main) refers to spi.o(i.MX_SPI1_Init) for MX_SPI1_Init
    main.o(i.main) refers to tim.o(i.MX_TIM2_Init) for MX_TIM2_Init
    main.o(i.main) refers to tim.o(i.MX_TIM3_Init) for MX_TIM3_Init
    main.o(i.main) refers to usart.o(i.MX_USART1_UART_Init) for MX_USART1_UART_Init
    main.o(i.main) refers to usart.o(i.MX_USART2_UART_Init) for MX_USART2_UART_Init
    main.o(i.main) refers to mpu6050.o(i.MPU6050_Init) for MPU6050_Init
    main.o(i.main) refers to mpu6050.o(i.MPU6050_Sample_Rate) for MPU6050_Sample_Rate
    main.o(i.main) refers to stm32f1xx_hal_adc_ex.o(i.HAL_ADCEx_Calibration_Start) for HAL_ADCEx_Calibration_Start
    main.o(i.main) refers to stm32f1xx_hal_adc.o(i.HAL_ADC_Start) for HAL_ADC_Start
    main.o(i.main) refers to oled.o(i.OLED_Init) for OLED_Init
    main.o(i.main) refers to oled.o(i.OLED_Clear) for OLED_Clear
    main.o(i.main) refers to app_car.o(i.Get_Kalman_Angle) for Get_Kalman_Angle
    main.o(i.main) refers to app_car.o(i.Show_Informain) for Show_Informain
    main.o(i.main) refers to adc.o(.bss) for hadc1
    gpio.o(i.MX_GPIO_Init) refers to stm32f1xx_hal_gpio.o(i.HAL_GPIO_WritePin) for HAL_GPIO_WritePin
    gpio.o(i.MX_GPIO_Init) refers to stm32f1xx_hal_gpio.o(i.HAL_GPIO_Init) for HAL_GPIO_Init
    adc.o(i.Get_V) refers to stm32f1xx_hal_adc.o(i.HAL_ADC_GetValue) for HAL_ADC_GetValue
    adc.o(i.Get_V) refers to ffltui.o(.text) for __aeabi_ui2f
    adc.o(i.Get_V) refers to fdiv.o(.text) for __aeabi_fdiv
    adc.o(i.Get_V) refers to f2d.o(.text) for __aeabi_f2d
    adc.o(i.Get_V) refers to dmul.o(.text) for __aeabi_dmul
    adc.o(i.Get_V) refers to dscalb.o(.text) for __ARM_scalbn
    adc.o(i.Get_V) refers to d2f.o(.text) for __aeabi_d2f
    adc.o(i.Get_V) refers to printfa.o(i.__0printf) for __2printf
    adc.o(i.Get_V) refers to adc.o(.bss) for .bss
    adc.o(i.HAL_ADC_MspDeInit) refers to stm32f1xx_hal_gpio.o(i.HAL_GPIO_DeInit) for HAL_GPIO_DeInit
    adc.o(i.HAL_ADC_MspInit) refers to stm32f1xx_hal_gpio.o(i.HAL_GPIO_Init) for HAL_GPIO_Init
    adc.o(i.MX_ADC1_Init) refers to stm32f1xx_hal_adc.o(i.HAL_ADC_Init) for HAL_ADC_Init
    adc.o(i.MX_ADC1_Init) refers to main.o(i.Error_Handler) for Error_Handler
    adc.o(i.MX_ADC1_Init) refers to stm32f1xx_hal_adc.o(i.HAL_ADC_ConfigChannel) for HAL_ADC_ConfigChannel
[...]
    ..\Drivers\STM32F1xx_HAL_Driver\Src\stm32f1xx_hal_gpio.c 0x00000000   Number         0  stm32f1xx_hal_gpio.o ABSOLUTE
    ..\Drivers\STM32F1xx_HAL_Driver\Src\stm32f1xx_hal_gpio_ex.c 0x00000000   Number         0  stm32f1xx_hal_gpio_ex.o ABSOLUTE
    ..\Drivers\STM32F1xx_HAL_Driver\Src\stm32f1xx_hal_i2c.c 0x00000000   Number         0  stm32f1xx_hal_i2c.o ABSOLUTE
    ..\Drivers\STM32F1xx_HAL_Driver\Src\stm32f1xx_hal_pwr.c 0x00000000   Number         0  stm32f1xx_hal_pwr.o ABSOLUTE
    ..\Drivers\STM32F1xx_HAL_Driver\Src\stm32f1xx_hal_rcc.c 0x00000000   Number         0  stm32f1xx_hal_rcc.o ABSOLUTE
    ..\Drivers\STM32F1xx_HAL_Driver\Src\stm32f1xx_hal_rcc_ex.c 0x00000000   Number         0  stm32f1xx_hal_rcc_ex.o ABSOLUTE
    ..\Drivers\STM32F1xx_HAL_Driver\Src\stm32f1xx_hal_spi.c 0x00000000   Number         0  stm32f1xx_hal_spi.o ABSOLUTE
    ..\Drivers\STM32F1xx_HAL_Driver\Src\stm32f1xx_hal_tim.c 0x00000000   Number         0  stm32f1xx_hal_tim.o ABSOLUTE
    ..\Drivers\STM32F1xx_HAL_Driver\Src\stm32f1xx_hal_tim_ex.c 0x00000000   Number         0  stm32f1xx_hal_tim_ex.o ABSOLUTE
    ..\Drivers\STM32F1xx_HAL_Driver\Src\stm32f1xx_hal_uart.c 0x00000000   Number         0  stm32f1xx_hal_uart.o ABSOLUTE
    ..\Inf\Encoder.c                         0x00000000   Number         0  encoder.o ABSOLUTE
    ..\Inf\MPU6050.c                         0x00000000   Number         0  mpu6050.o ABSOLUTE
    ..\Inf\OLED\oled.c                       0x00000000   Number         0  oled.o ABSOLUTE
    ..\Inf\TB6612.c                          0x00000000   Number         0  tb6612.o ABSOLUTE
    ..\\App\\App_Car.c                       0x00000000   Number         0  app_car.o ABSOLUTE
    ..\\Com\\PID.c                           0x00000000   Number         0  pid.o ABSOLUTE
    ..\\Inf\\Encoder.c                       0x00000000   Number         0  encoder.o ABSOLUTE
    ..\\Inf\\MPU6050.c                       0x00000000   Number         0  mpu6050.o ABSOLUTE
    ..\\Inf\\OLED\\oled.c                    0x00000000   Number         0  oled.o ABSOLUTE
    ..\\Inf\\TB6612.c                        0x00000000   Number         0  tb6612.o ABSOLUTE
    cdrcmple.s                               0x00000000   Number         0  cdrcmple.o ABSOLUTE
    dc.s                                     0x00000000   Number         0  dc.o ABSOLUTE
    handlers.s                               0x00000000   Number         0  handlers.o ABSOLUTE
    init.s                                   0x00000000   Number         0  init.o ABSOLUTE
    startup_stm32f103xb.s                    0x00000000   Number         0  startup_stm32f103xb.o ABSOLUTE
    RESET                                    0x08000000   Section      236  startup_stm32f103xb.o(RESET)
    .ARM.Collect$$$$00000000                 0x080000ec   Section        0  entry.o(.ARM.Collect$$$$00000000)
    .ARM.Collect$$$$00000001                 0x080000ec   Section        4  entry2.o(.ARM.Collect$$$$00000001)
    .ARM.Collect$$$$00000004                 0x080000f0   Section        4  entry5.o(.ARM.Collect$$$$00000004)
    .ARM.Collect$$$$00000008                 0x080000f4   Section        0  entry7b.o(.ARM.Collect$$$$00000008)
    .ARM.Collect$$$$0000000A                 0x080000f4   Section        0  entry8b.o(.ARM.Collect$$$$0000000A)
    .ARM.Collect$$$$0000000B                 0x080000f4   Section        8  entry9a.o(.ARM.Collect$$$$0000000B)
    .ARM.Collect$$$$0000000D                 0x080000fc   Section        0  entry10a.o(.ARM.Collect$$$$0000000D)
    .ARM.Collect$$$$0000000F                 0x080000fc   Section        0  entry11a.o(.ARM.Collect$$$$0000000F)
    .ARM.Collect$$$$00002712                 0x080000fc   Section        4  entry2.o(.ARM.Collect$$$$00002712)
    __lit__00000000                          0x080000fc   Data           4  entry2.o(.ARM.Collect$$$$00002712)
    .text                                    0x08000100   Section       36  startup_stm32f103xb.o(.text)
    .text                                    0x08000124   Section        0  llushr.o(.text)
    .text                                    0x08000144   Section        0  memseta.o(.text)
    .text                                    0x08000168   Section        0  fadd.o(.text)
    .text                                    0x08000218   Section        0  fmul.o(.text)
    .text                                    0x0800027c   Section        0  fdiv.o(.text)
    .text                                    0x080002f8   Section        0  dadd.o(.text)
    .text                                    0x08000446   Section        0  dmul.o(.text)
    .text                                    0x0800052a   Section        0  ddiv.o(.text)
    .text                                    0x08000608   Section        0  dscalb.o(.text)
    .text                                    0x08000636   Section        0  ffltui.o(.text)
    .text                                    0x08000640   Section        0  dflti.o(.text)
    .text                                    0x08000662   Section        0  f2d.o(.text)
    .text                                    0x08000688   Section        0  d2f.o(.text)
    .text                                    0x080006c0   Section        0  uidiv.o(.text)
    .text                                    0x080006ec   Section        0  uldiv.o(.text)
    .text                                    0x0800074e   Section        0  llshl.o(.text)
    .text                                    0x0800076c   Section        0  llsshr.o(.text)
    .text                                    0x08000790   Section        0  fepilogue.o(.text)
    .text                                    0x08000790   Section        0  iusefp.o(.text)
    .text                                    0x080007fe   Section        0  depilogue.o(.text)
    .text                                    0x080008b8   Section        0  dfixul.o(.text)
    .text                                    0x080008e8   Section       48  cdrcmple.o(.text)
    .text                                    0x08000918   Section       36  init.o(.text)
    i.ADC_ConversionStop_Disable             0x0800093c   Section        0  stm32f1xx_hal_adc.o(i.ADC_ConversionStop_Disable)
    i.ADC_Enable                             0x08000994   Section        0  stm32f1xx_hal_adc.o(i.ADC_Enable)
    i.BusFault_Handler                       0x08000a10   Section        0  stm32f1xx_it.o(i.BusFault_Handler)
    i.Com_Filter_Kalman                      0x08000a14   Section        0  kalman_filtering.o(i.Com_Filter_Kalman)
    i.DebugMon_Handler                       0x08000b80   Section        0  stm32f1xx_it.o(i.DebugMon_Handler)
    i.Error_Handler                          0x08000b82   Section        0  main.o(i.Error_Handler)
    i.Get_Accelerometer                      0x08000b86   Section        0  mpu6050.o(i.Get_Accelerometer)
    i.Get_Encoder                            0x08000bb4   Section        0  encoder.o(i.Get_Encoder)
    i.Get_Gyroscope                          0x08000be0   Section        0  mpu6050.o(i.Get_Gyroscope)
    i.Get_Kalman_Angle                       0x08000c0c   Section        0  app_car.o(i.Get_Kalman_Angle)
    i.Get_V                                  0x08000ca8   Section        0  adc.o(i.Get_V)
    i.HAL_ADCEx_Calibration_Start            0x08000cf8   Section        0  stm32f1xx_hal_adc_ex.o(i.HAL_ADCEx_Calibration_Start)
    i.HAL_ADC_ConfigChannel                  0x08000dd0   Section        0  stm32f1xx_hal_adc.o(i.HAL_ADC_ConfigChannel)
    i.HAL_ADC_GetValue                       0x08000ecc   Section        0  stm32f1xx_hal_adc.o(i.HAL_ADC_GetValue)
    i.HAL_ADC_Init                           0x08000ed4   Section        0  stm32f1xx_hal_adc.o(i.HAL_ADC_Init)
    i.HAL_ADC_MspInit                        0x08000ff0   Section        0  adc.o(i.HAL_ADC_MspInit)
    i.HAL_ADC_Start                          0x08001048   Section        0  stm32f1xx_hal_adc.o(i.HAL_ADC_Start)
    i.HAL_DMA_Abort                          0x08001108   Section        0  stm32f1xx_hal_dma.o(i.HAL_DMA_Abort)
    i.HAL_DMA_Abort_IT                       0x08001150   Section        0  stm32f1xx_hal_dma.o(i.HAL_DMA_Abort_IT)
    i.HAL_Delay                              0x080011e8   Section        0  stm32f1xx_hal.o(i.HAL_Delay)
    i.HAL_GPIO_Init                          0x0800120c   Section        0  stm32f1xx_hal_gpio.o(i.HAL_GPIO_Init)
    i.HAL_GPIO_WritePin                      0x080013ec   Section        0  stm32f1xx_hal_gpio.o(i.HAL_GPIO_WritePin)
    i.HAL_GetTick                            0x080013f8   Section        0  stm32f1xx_hal.o(i.HAL_GetTick)
    i.HAL_I2C_Init                           0x08001404   Section        0  stm32f1xx_hal_i2c.o(i.HAL_I2C_Init)
    i.HAL_I2C_Mem_Read                       0x0800158c   Section        0  stm32f1xx_hal_i2c.o(i.HAL_I2C_Mem_Read)
    i.HAL_I2C_Mem_Write                      0x080017e8   Section        0  stm32f1xx_hal_i2c.o(i.HAL_I2C_Mem_Write)
    i.HAL_I2C_MspInit                        0x08001918   Section        0  i2c.o(i.HAL_I2C_MspInit)
    i.HAL_IncTick                            0x08001978   Section        0  stm32f1xx_hal.o(i.HAL_IncTick)
    i.HAL_Init                               0x08001988   Section        0  stm32f1xx_hal.o(i.HAL_Init)
    i.HAL_InitTick                           0x080019ac   Section        0  stm32f1xx_hal_timebase_tim.o(i.HAL_InitTick)
    i.HAL_MspInit                            0x08001a38   Section        0  stm32f1xx_hal_msp.o(i.HAL_MspInit)
    i.HAL_NVIC_EnableIRQ                     0x08001a74   Section        0  stm32f1xx_hal_cortex.o(i.HAL_NVIC_EnableIRQ)
    i.HAL_NVIC_SetPriority                   0x08001a90   Section        0  stm32f1xx_hal_cortex.o(i.HAL_NVIC_SetPriority)
    i.HAL_NVIC_SetPriorityGrouping           0x08001ad0   Section        0  stm32f1xx_hal_cortex.o(i.HAL_NVIC_SetPriorityGrouping)
    i.HAL_RCCEx_GetPeriphCLKFreq             0x08001af4   Section        0  stm32f1xx_hal_rcc_ex.o(i.HAL_RCCEx_GetPeriphCLKFreq)
    i.HAL_RCCEx_PeriphCLKConfig              0x08001b98   Section        0  stm32f1xx_hal_rcc_ex.o(i.HAL_RCCEx_PeriphCLKConfig)
    i.HAL_RCC_ClockConfig                    0x08001c84   Section        0  stm32f1xx_hal_rcc.o(i.HAL_RCC_ClockConfig)
    i.HAL_RCC_GetClockConfig                 0x08001db0   Section        0  stm32f1xx_hal_rcc.o(i.HAL_RCC_GetClockConfig)
    i.HAL_RCC_GetPCLK1Freq                   0x08001df0   Section        0  stm32f1xx_hal_rcc.o(i.HAL_RCC_GetPCLK1Freq)
    i.HAL_RCC_GetPCLK2Freq                   0x08001e10   Section        0  stm32f1xx_hal_rcc.o(i.HAL_RCC_GetPCLK2Freq)
    i.HAL_RCC_GetSysClockFreq                0x08001e30   Section        0  stm32f1xx_hal_rcc.o(i.HAL_RCC_GetSysClockFreq)
    i.HAL_RCC_OscConfig                      0x08001e7c   Section        0  stm32f1xx_hal_rcc.o(i.HAL_RCC_OscConfig)
    i.HAL_SPI_Init                           0x0800219c   Section        0  stm32f1xx_hal_spi.o(i.HAL_SPI_Init)
    i.HAL_SPI_MspInit                        0x08002250   Section        0  spi.o(i.HAL_SPI_MspInit)
    i.HAL_SPI_Transmit                       0x080022ac   Section        0  stm32f1xx_hal_spi.o(i.HAL_SPI_Transmit)
    i.HAL_TIMEx_BreakCallback                0x08002412   Section        0  stm32f1xx_hal_tim_ex.o(i.HAL_TIMEx_BreakCallback)
    i.HAL_TIMEx_CommutCallback               0x08002414   Section        0  stm32f1xx_hal_tim_ex.o(i.HAL_TIMEx_CommutCallback)
    i.HAL_TIMEx_MasterConfigSynchronization  0x08002418   Section        0  stm32f1xx_hal_tim_ex.o(i.HAL_TIMEx_MasterConfigSynchronization)
    i.HAL_TIM_Base_Init                      0x08002480   Section        0  stm32f1xx_hal_tim.o(i.HAL_TIM_Base_Init)
    i.HAL_TIM_Base_MspInit                   0x080024dc   Section        0  tim.o(i.HAL_TIM_Base_MspInit)
    i.HAL_TIM_Base_Start_IT                  0x08002504   Section        0  stm32f1xx_hal_tim.o(i.HAL_TIM_Base_Start_IT)
    i.HAL_TIM_ConfigClockSource              0x0800255c   Section        0  stm32f1xx_hal_tim.o(i.HAL_TIM_ConfigClockSource)
    i.HAL_TIM_Encoder_Init                   0x08002638   Section        0  stm32f1xx_hal_tim.o(i.HAL_TIM_Encoder_Init)
    i.HAL_TIM_Encoder_MspInit                0x080026dc   Section        0  tim.o(i.HAL_TIM_Encoder_MspInit)
    i.HAL_TIM_IC_CaptureCallback             0x080027b0   Section        0  stm32f1xx_hal_tim.o(i.HAL_TIM_IC_CaptureCallback)
    i.HAL_TIM_IRQHandler                     0x080027b2   Section        0  stm32f1xx_hal_tim.o(i.HAL_TIM_IRQHandler)
    i.HAL_TIM_MspPostInit                    0x080028e4   Section        0  tim.o(i.HAL_TIM_MspPostInit)
    i.HAL_TIM_OC_DelayElapsedCallback        0x08002930   Section        0  stm32f1xx_hal_tim.o(i.HAL_TIM_OC_DelayElapsedCallback)
    i.HAL_TIM_PWM_ConfigChannel              0x08002932   Section        0  stm32f1xx_hal_tim.o(i.HAL_TIM_PWM_ConfigChannel)
    i.HAL_TIM_PWM_Init                       0x080029fe   Section        0  stm32f1xx_hal_tim.o(i.HAL_TIM_PWM_Init)
    i.HAL_TIM_PWM_MspInit                    0x08002a58   Section        0  stm32f1xx_hal_tim.o(i.HAL_TIM_PWM_MspInit)
    i.HAL_TIM_PWM_PulseFinishedCallback      0x08002a5a   Section        0  stm32f1xx_hal_tim.o(i.HAL_TIM_PWM_PulseFinishedCallback)
    i.HAL_TIM_PeriodElapsedCallback          0x08002a5c   Section        0  main.o(i.HAL_TIM_PeriodElapsedCallback)
    i.HAL_TIM_TriggerCallback                0x08002a70   Section        0  stm32f1xx_hal_tim.o(i.HAL_TIM_TriggerCallback)
    i.HAL_UARTEx_RxEventCallback             0x08002a72   Section        0  stm32f1xx_hal_uart.o(i.HAL_UARTEx_RxEventCallback)
    i.HAL_UART_ErrorCallback                 0x08002a74   Section        0  stm32f1xx_hal_uart.o(i.HAL_UART_ErrorCallback)
    i.HAL_UART_IRQHandler                    0x08002a78   Section        0  stm32f1xx_hal_uart.o(i.HAL_UART_IRQHandler)
    i.HAL_UART_Init                          0x08002ce4   Section        0  stm32f1xx_hal_uart.o(i.HAL_UART_Init)
    i.HAL_UART_MspInit                       0x08002d48   Section        0  usart.o(i.HAL_UART_MspInit)
    i.HAL_UART_RxCpltCallback                0x08002e20   Section        0  stm32f1xx_hal_uart.o(i.HAL_UART_RxCpltCallback)
    i.HAL_UART_Transmit                      0x08002e22   Section        0  stm32f1xx_hal_uart.o(i.HAL_UART_Transmit)
    i.HAL_UART_TxCpltCallback                0x08002ec2   Section        0  stm32f1xx_hal_uart.o(i.HAL_UART_TxCpltCallback)
    i.HardFault_Handler                      0x08002ec4   Section        0  stm32f1xx_it.o(i.HardFault_Handler)
    i.I2C_IsAcknowledgeFailed                0x08002ec6   Section        0  stm32f1xx_hal_i2c.o(i.I2C_IsAcknowledgeFailed)
    I2C_IsAcknowledgeFailed                  0x08002ec7   Thumb Code    46  stm32f1xx_hal_i2c.o(i.I2C_IsAcknowledgeFailed)
    i.I2C_RequestMemoryRead                  0x08002ef4   Section        0  stm32f1xx_hal_i2c.o(i.I2C_RequestMemoryRead)
    I2C_RequestMemoryRead                    0x08002ef5   Thumb Code   246  stm32f1xx_hal_i2c.o(i.I2C_RequestMemoryRead)
    i.I2C_RequestMemoryWrite                 0x08002ff0   Section        0  stm32f1xx_hal_i2c.o(i.I2C_RequestMemoryWrite)
    I2C_RequestMemoryWrite                   0x08002ff1   Thumb Code   162  stm32f1xx_hal_i2c.o(i.I2C_RequestMemoryWrite)
    i.I2C_WaitOnBTFFlagUntilTimeout          0x08003098   Section        0  stm32f1xx_hal_i2c.o(i.I2C_WaitOnBTFFlagUntilTimeout)
    I2C_WaitOnBTFFlagUntilTimeout            0x08003099   Thumb Code    86  stm32f1xx_hal_i2c.o(i.I2C_WaitOnBTFFlagUntilTimeout)
    i.I2C_WaitOnFlagUntilTimeout             0x080030f0   Section        0  stm32f1xx_hal_i2c.o(i.I2C_WaitOnFlagUntilTimeout)
    I2C_WaitOnFlagUntilTimeout               0x080030f1   Thumb Code   144  stm32f1xx_hal_i2c.o(i.I2C_WaitOnFlagUntilTimeout)
    i.I2C_WaitOnMasterAddressFlagUntilTimeout 0x08003180   Section        0  stm32f1xx_hal_i2c.o(i.I2C_WaitOnMasterAddressFlagUntilTimeout)
    I2C_WaitOnMasterAddressFlagUntilTimeout  0x08003181   Thumb Code   188  stm32f1xx_hal_i2c.o(i.I2C_WaitOnMasterAddressFlagUntilTimeout)
    i.I2C_WaitOnRXNEFlagUntilTimeout         0x0800323c   Section        0  stm32f1xx_hal_i2c.o(i.I2C_WaitOnRXNEFlagUntilTimeout)
    I2C_WaitOnRXNEFlagUntilTimeout           0x0800323d   Thumb Code   112  stm32f1xx_hal_i2c.o(i.I2C_WaitOnRXNEFlagUntilTimeout)
    i.I2C_WaitOnTXEFlagUntilTimeout          0x080032ac   Section        0  stm32f1xx_hal_i2c.o(i.I2C_WaitOnTXEFlagUntilTimeout)
    I2C_WaitOnTXEFlagUntilTimeout            0x080032ad   Thumb Code    86  stm32f1xx_hal_i2c.o(i.I2C_WaitOnTXEFlagUntilTimeout)
    i.MPU6050_Init                           0x08003304   Section        0  mpu6050.o(i.MPU6050_Init)
    i.MPU6050_Sample_Rate                    0x0800336c   Section        0  mpu6050.o(i.MPU6050_Sample_Rate)
    i.MX_ADC1_Init                           0x08003394   Section        0  adc.o(i.MX_ADC1_Init)
    i.MX_GPIO_Init                           0x080033e4   Section        0  gpio.o(i.MX_GPIO_Init)
    i.MX_I2C2_Init                           0x080034ac   Section        0  i2c.o(i.MX_I2C2_Init)
    i.MX_SPI1_Init                           0x080034ec   Section        0  spi.o(i.MX_SPI1_Init)
    i.MX_TIM2_Init                           0x08003534   Section        0  tim.o(i.MX_TIM2_Init)
    i.MX_TIM3_Init                           0x0800359c   Section        0  tim.o(i.MX_TIM3_Init)
    i.MX_TIM4_Init                           0x08003604   Section        0  tim.o(i.MX_TIM4_Init)
    i.MX_USART1_UART_Init                    0x080036ac   Section        0  usart.o(i.MX_USART1_UART_Init)
    i.MX_USART2_UART_Init                    0x080036e4   Section        0  usart.o(i.MX_USART2_UART_Init)
    i.MemManage_Handler                      0x0800371c   Section        0  stm32f1xx_it.o(i.MemManage_Handler)
    i.NMI_Handler                            0x0800371e   Section        0  stm32f1xx_it.o(i.NMI_Handler)
    i.OLED_Clear                             0x08003720   Section        0  oled.o(i.OLED_Clear)
    i.OLED_DrawPoint                         0x0800374c   Section        0  oled.o(i.OLED_DrawPoint)
    i.OLED_Init                              0x08003778   Section        0  oled.o(i.OLED_Init)
    i.OLED_Refresh                           0x08003884   Section        0  oled.o(i.OLED_Refresh)
    i.OLED_ShowChar                          0x080038d0   Section        0  oled.o(i.OLED_ShowChar)
    i.OLED_ShowString                        0x080039b4   Section        0  oled.o(i.OLED_ShowString)
    i.OLED_WR_Byte                           0x080039f0   Section        0  oled.o(i.OLED_WR_Byte)
    i.PendSV_Handler                         0x08003a40   Section        0  stm32f1xx_it.o(i.PendSV_Handler)
    i.Read_MPU6050                           0x08003a44   Section        0  mpu6050.o(i.Read_MPU6050)
    i.Reads_MPU6050                          0x08003a64   Section        0  mpu6050.o(i.Reads_MPU6050)
    i.SPI_EndRxTxTransaction                 0x08003a80   Section        0  stm32f1xx_hal_spi.o(i.SPI_EndRxTxTransaction)
    SPI_EndRxTxTransaction                   0x08003a81   Thumb Code    52  stm32f1xx_hal_spi.o(i.SPI_EndRxTxTransaction)
    i.SPI_WaitFlagStateUntilTimeout          0x08003ab4   Section        0  stm32f1xx_hal_spi.o(i.SPI_WaitFlagStateUntilTimeout)
    SPI_WaitFlagStateUntilTimeout            0x08003ab5   Thumb Code   180  stm32f1xx_hal_spi.o(i.SPI_WaitFlagStateUntilTimeout)
    i.SVC_Handler                            0x08003b6c   Section        0  stm32f1xx_it.o(i.SVC_Handler)
    i.Show_Informain                         0x08003b70   Section        0  app_car.o(i.Show_Informain)
    i.SysTick_Handler                        0x08003c74   Section        0  stm32f1xx_it.o(i.SysTick_Handler)
    i.SystemClock_Config                     0x08003c76   Section        0  main.o(i.SystemClock_Config)
    i.SystemInit                             0x08003cee   Section        0  system_stm32f1xx.o(i.SystemInit)
    i.TIM1_UP_IRQHandler                     0x08003cf0   Section        0  stm32f1xx_it.o(i.TIM1_UP_IRQHandler)
    i.TIM_Base_SetConfig                     0x08003cfc   Section        0  stm32f1xx_hal_tim.o(i.TIM_Base_SetConfig)
    i.TIM_ETR_SetConfig                      0x08003d74   Section        0  stm32f1xx_hal_tim.o(i.TIM_ETR_SetConfig)
    i.TIM_ITRx_SetConfig                     0x08003d88   Section        0  stm32f1xx_hal_tim.o(i.TIM_ITRx_SetConfig)
    TIM_ITRx_SetConfig                       0x08003d89   Thumb Code    16  stm32f1xx_hal_tim.o(i.TIM_ITRx_SetConfig)
    i.TIM_OC1_SetConfig                      0x08003d98   Section        0  stm32f1xx_hal_tim.o(i.TIM_OC1_SetConfig)
    TIM_OC1_SetConfig                        0x08003d99   Thumb Code    74  stm32f1xx_hal_tim.o(i.TIM_OC1_SetConfig)
    i.TIM_OC2_SetConfig                      0x08003de8   Section        0  stm32f1xx_hal_tim.o(i.TIM_OC2_SetConfig)
    i.TIM_OC3_SetConfig                      0x08003e40   Section        0  stm32f1xx_hal_tim.o(i.TIM_OC3_SetConfig)
    TIM_OC3_SetConfig                        0x08003e41   Thumb Code    82  stm32f1xx_hal_tim.o(i.TIM_OC3_SetConfig)
    i.TIM_OC4_SetConfig                      0x08003e98   Section        0  stm32f1xx_hal_tim.o(i.TIM_OC4_SetConfig)
    TIM_OC4_SetConfig                        0x08003e99   Thumb Code    64  stm32f1xx_hal_tim.o(i.TIM_OC4_SetConfig)
    i.TIM_TI1_ConfigInputStage               0x08003edc   Section        0  stm32f1xx_hal_tim.o(i.TIM_TI1_ConfigInputStage)
    TIM_TI1_ConfigInputStage                 0x08003edd   Thumb Code    34  stm32f1xx_hal_tim.o(i.TIM_TI1_ConfigInputStage)
    i.TIM_TI2_ConfigInputStage               0x08003efe   Section        0  stm32f1xx_hal_tim.o(i.TIM_TI2_ConfigInputStage)
    TIM_TI2_ConfigInputStage                 0x08003eff   Thumb Code    36  stm32f1xx_hal_tim.o(i.TIM_TI2_ConfigInputStage)
    i.UART_DMAAbortOnError                   0x08003f22   Section        0  stm32f1xx_hal_uart.o(i.UART_DMAAbortOnError)
    UART_DMAAbortOnError                     0x08003f23   Thumb Code    16  stm32f1xx_hal_uart.o(i.UART_DMAAbortOnError)
    i.UART_EndRxTransfer                     0x08003f32   Section        0  stm32f1xx_hal_uart.o(i.UART_EndRxTransfer)
    UART_EndRxTransfer                       0x08003f33   Thumb Code    78  stm32f1xx_hal_uart.o(i.UART_EndRxTransfer)
    i.UART_Receive_IT                        0x08003f80   Section        0  stm32f1xx_hal_uart.o(i.UART_Receive_IT)
    UART_Receive_IT                          0x08003f81   Thumb Code   194  stm32f1xx_hal_uart.o(i.UART_Receive_IT)
    i.UART_SetConfig                         0x08004044   Section        0  stm32f1xx_hal_uart.o(i.UART_SetConfig)
    UART_SetConfig                           0x08004045   Thumb Code   178  stm32f1xx_hal_uart.o(i.UART_SetConfig)
    i.UART_WaitOnFlagUntilTimeout            0x080040fc   Section        0  stm32f1xx_hal_uart.o(i.UART_WaitOnFlagUntilTimeout)
    UART_WaitOnFlagUntilTimeout              0x080040fd   Thumb Code   114  stm32f1xx_hal_uart.o(i.UART_WaitOnFlagUntilTimeout)
    i.USART1_IRQHandler                      0x08004170   Section        0  stm32f1xx_it.o(i.USART1_IRQHandler)
    i.USART2_IRQHandler                      0x0800417c   Section        0  stm32f1xx_it.o(i.USART2_IRQHandler)
    i.UsageFault_Handler                     0x08004188   Section        0  stm32f1xx_it.o(i.UsageFault_Handler)
    i.Write_MPU6050                          0x0800418c   Section        0  mpu6050.o(i.Write_MPU6050)
    i.__0printf                              0x080041b0   Section        0  printfa.o(i.__0printf)
    i.__0sprintf                             0x080041d0   Section        0  printfa.o(i.__0sprintf)
    i.__ARM_fpclassify                       0x080041f8   Section        0  fpclassify.o(i.__ARM_fpclassify)
    i.__NVIC_SetPriority                     0x08004220   Section        0  stm32f1xx_hal_cortex.o(i.__NVIC_SetPriority)
    __NVIC_SetPriority                       0x08004221   Thumb Code    32  stm32f1xx_hal_cortex.o(i.__NVIC_SetPriority)
    i.__kernel_poly                          0x08004240   Section        0  poly.o(i.__kernel_poly)
    i.__mathlib_dbl_infnan                   0x080042ea   Section        0  dunder.o(i.__mathlib_dbl_infnan)
    i.__mathlib_dbl_infnan2                  0x080042f0   Section        0  dunder.o(i.__mathlib_dbl_infnan2)
    i.__mathlib_dbl_underflow                0x080042f4   Section        0  dunder.o(i.__mathlib_dbl_underflow)
    i.__scatterload_copy                     0x08004304   Section       14  handlers.o(i.__scatterload_copy)
    i.__scatterload_null                     0x08004312   Section        2  handlers.o(i.__scatterload_null)
    i.__scatterload_zeroinit                 0x08004314   Section       14  handlers.o(i.__scatterload_zeroinit)
    i._fp_digits                             0x08004324   Section        0  printfa.o(i._fp_digits)
    _fp_digits                               0x08004325   Thumb Code   366  printfa.o(i._fp_digits)
    i._printf_core                           0x080044a8   Section        0  printfa.o(i._printf_core)
    _printf_core                             0x080044a9   Thumb Code  1744  printfa.o(i._printf_core)
    i._printf_post_padding                   0x08004b84   Section        0  printfa.o(i._printf_post_padding)
    _printf_post_padding                     0x08004b85   Thumb Code    36  printfa.o(i._printf_post_padding)
    i._printf_pre_padding                    0x08004ba8   Section        0  printfa.o(i._printf_pre_padding)
    _printf_pre_padding                      0x08004ba9   Thumb Code    46  printfa.o(i._printf_pre_padding)
    i._sputc                                 0x08004bd6   Section        0  printfa.o(i._sputc)
    _sputc                                   0x08004bd7   Thumb Code    10  printfa.o(i._sputc)
    i.atan                                   0x08004be0   Section        0  atan.o(i.atan)
    i.atan2                                  0x08004e00   Section        0  atan2.o(i.atan2)
    i.fputc                                  0x08004f80   Section        0  usart.o(i.fputc)
    i.main                                   0x08004f98   Section        0  main.o(i.main)
    .constdata                               0x08004ff4   Section       18  stm32f1xx_hal_rcc.o(.constdata)
    aPredivFactorTable                       0x08004ff4   Data           2  stm32f1xx_hal_rcc.o(.constdata)
    aPLLMULFactorTable                       0x08004ff6   Data          16  stm32f1xx_hal_rcc.o(.constdata)
    .constdata                               0x08005006   Section       18  stm32f1xx_hal_rcc_ex.o(.constdata)
    aPredivFactorTable                       0x08005006   Data           2  stm32f1xx_hal_rcc_ex.o(.constdata)
    aPLLMULFactorTable                       0x08005008   Data          16  stm32f1xx_hal_rcc_ex.o(.constdata)
    .constdata                               0x08005018   Section       16  system_stm32f1xx.o(.constdata)
    .constdata                               0x08005028   Section        8  system_stm32f1xx.o(.constdata)
    .constdata                               0x08005030   Section     7696  oled.o(.constdata)
    .constdata                               0x08006e40   Section      152  atan.o(.constdata)
    atanhi                                   0x08006e40   Data          32  atan.o(.constdata)
    atanlo                                   0x08006e60   Data          32  atan.o(.constdata)
    aTodd                                    0x08006e80   Data          40  atan.o(.constdata)
    aTeven                                   0x08006ea8   Data          48  atan.o(.constdata)
    .constdata                               0x08006ed8   Section        8  qnan.o(.constdata)
    .data                                    0x20000000   Section       12  stm32f1xx_hal.o(.data)
    .data                                    0x2000000c   Section        4  system_stm32f1xx.o(.data)
    .data                                    0x20000010   Section       32  app_car.o(.data)
    .data                                    0x20000030   Section       76  kalman_filtering.o(.data)
    .data                                    0x2000007c   Section        4  stdout.o(.data)
    .bss                                     0x20000080   Section       48  adc.o(.bss)
    .bss                                     0x200000b0   Section       84  i2c.o(.bss)
    .bss                                     0x20000104   Section       88  spi.o(.bss)
    .bss                                     0x2000015c   Section      216  tim.o(.bss)
    .bss                                     0x20000234   Section      144  usart.o(.bss)
    .bss                                     0x200002c4   Section       72  stm32f1xx_hal_timebase_tim.o(.bss)
    .bss                                     0x2000030c   Section     1152  oled.o(.bss)
    .bss                                     0x2000078c   Section       16  kalman_filtering.o(.bss)
    STACK                                    0x200007a0   Section     1024  startup_stm32f103xb.o(STACK)

    Global Symbols

    Symbol Name                              Value     Ov Type        Size  Object(Section)

    BuildAttributes$$THM_ISAv4$P$D$K$B$S$PE$A:L22UL41UL21$X:L11$S22US41US21$IEEE1$IW$USESV6$~STKCKD$USESV7$~SHL$OTIME$ROPI$IEEEX$EBA8$MICROLIB$REQ8$PRES8$EABIv2 0x00000000   Number         0  anon$$obj.o ABSOLUTE
    __ARM_use_no_argv                        0x00000000   Number         0  main.o ABSOLUTE
    _printf_a                                0x00000000   Number         0  stubs.o ABSOLUTE
    _printf_c                                0x00000000   Number         0  stubs.o ABSOLUTE
    _printf_charcount                        0x00000000   Number         0  stubs.o ABSOLUTE
    _printf_d                                0x00000000   Number         0  stubs.o ABSOLUTE
    _printf_e                                0x00000000   Number         0  stubs.o ABSOLUTE
    _printf_f                                0x00000000   Number         0  stubs.o ABSOLUTE
    _printf_flags                            0x00000000   Number         0  stubs.o ABSOLUTE
    _printf_fp_dec                           0x00000000   Number         0  stubs.o ABSOLUTE
    _printf_fp_hex                           0x00000000   Number         0  stubs.o ABSOLUTE
    _printf_g                                0x00000000   Number         0  stubs.o ABSOLUTE
    _printf_i                                0x00000000   Number         0  stubs.o ABSOLUTE
    _printf_int_dec                          0x00000000   Number         0  stubs.o ABSOLUTE
    _printf_l                                0x00000000   Number         0  stubs.o ABSOLUTE
    _printf_lc                               0x00000000   Number         0  stubs.o ABSOLUTE
    _printf_ll                               0x00000000   Number         0  stubs.o ABSOLUTE
    _printf_lld                              0x00000000   Number         0  stubs.o ABSOLUTE
    _printf_lli                              0x00000000   Number         0  stubs.o ABSOLUTE
    _printf_llo                              0x00000000   Number         0  stubs.o ABSOLUTE
    _printf_llu                              0x00000000   Number         0  stubs.o ABSOLUTE
    _printf_llx                              0x00000000   Number         0  stubs.o ABSOLUTE
    _printf_longlong_dec                     0x00000000   Number         0  stubs.o ABSOLUTE
    _printf_longlong_hex                     0x00000000   Number         0  stubs.o ABSOLUTE
    _printf_longlong_oct                     0x00000000   Number         0  stubs.o ABSOLUTE
    _printf_ls                               0x00000000   Number         0  stubs.o ABSOLUTE
    _printf_mbtowc                           0x00000000   Number         0  stubs.o ABSOLUTE
    _printf_n                                0x00000000   Number         0  stubs.o ABSOLUTE
    _printf_o                                0x00000000   Number         0  stubs.o ABSOLUTE
    _printf_p                                0x00000000   Number         0  stubs.o ABSOLUTE
    _printf_percent                          0x00000000   Number         0  stubs.o ABSOLUTE
    _printf_pre_padding                      0x00000000   Number         0  stubs.o ABSOLUTE
    _printf_return_value                     0x00000000   Number         0  stubs.o ABSOLUTE
    _printf_s                                0x00000000   Number         0  stubs.o ABSOLUTE
    _printf_sizespec                         0x00000000   Number         0  stubs.o ABSOLUTE
    _printf_str                              0x00000000   Number         0  stubs.o ABSOLUTE
    _printf_truncate_signed                  0x00000000   Number         0  stubs.o ABSOLUTE
    _printf_truncate_unsigned                0x00000000   Number         0  stubs.o ABSOLUTE
    _printf_u                                0x00000000   Number         0  stubs.o ABSOLUTE
    _printf_wc                               0x00000000   Number         0  stubs.o ABSOLUTE
    _printf_wctomb                           0x00000000   Number         0  stubs.o ABSOLUTE
    _printf_widthprec                        0x00000000   Number         0  stubs.o ABSOLUTE
    _printf_x                                0x00000000   Number         0  stubs.o ABSOLUTE
    __cpp_initialize__aeabi_                  - Undefined Weak Reference
    __cxa_finalize                            - Undefined Weak Reference
    __decompress                              - Undefined Weak Reference
    _clock_init                               - Undefined Weak Reference
    _microlib_exit                            - Undefined Weak Reference
    __Vectors_Size                           0x000000ec   Number         0  startup_stm32f103xb.o ABSOLUTE
    __Vectors                                0x08000000   Data           4  startup_stm32f103xb.o(RESET)
    __Vectors_End                            0x080000ec   Data           0  startup_stm32f103xb.o(RESET)
    __main                                   0x080000ed   Thumb Code     0  entry.o(.ARM.Collect$$$$00000000)
    _main_stk                                0x080000ed   Thumb Code     0  entry2.o(.ARM.Collect$$$$00000001)
    _main_scatterload                        0x080000f1   Thumb Code     0  entry5.o(.ARM.Collect$$$$00000004)
    __main_after_scatterload                 0x080000f5   Thumb Code     0  entry5.o(.ARM.Collect$$$$00000004)
    _main_clock                              0x080000f5   Thumb Code     0  entry7b.o(.ARM.Collect$$$$00000008)
    _main_cpp_init                           0x080000f5   Thumb Code     0  entry8b.o(.ARM.Collect$$$$0000000A)
    _main_init                               0x080000f5   Thumb Code     0  entry9a.o(.ARM.Collect$$$$0000000B)
    __rt_final_cpp                           0x080000fd   Thumb Code     0  entry10a.o(.ARM.Collect$$$$0000000D)
    __rt_final_exit                          0x080000fd   Thumb Code     0  entry11a.o(.ARM.Collect$$$$0000000F)
    Reset_Handler                            0x08000101   Thumb Code     8  startup_stm32f103xb.o(.text)
    ADC1_2_IRQHandler                        0x0800011b   Thumb Code     0  startup_stm32f103xb.o(.text)
    CAN1_RX1_IRQHandler                      0x0800011b   Thumb Code     0  startup_stm32f103xb.o(.text)
    CAN1_SCE_IRQHandler                      0x0800011b   Thumb Code     0  startup_stm32f103xb.o(.text)
    DMA1_Channel1_IRQHandler                 0x0800011b   Thumb Code     0  startup_stm32f103xb.o(.text)
    DMA1_Channel2_IRQHandler                 0x0800011b   Thumb Code     0  startup_stm32f103xb.o(.text)
    DMA1_Channel3_IRQHandler                 0x0800011b   Thumb Code     0  startup_stm32f103xb.o(.text)
    DMA1_Channel4_IRQHandler                 0x0800011b   Thumb Code     0  startup_stm32f103xb.o(.text)
    DMA1_Channel5_IRQHandler                 0x0800011b   Thumb Code     0  startup_stm32f103xb.o(.text)
    DMA1_Channel6_IRQHandler                 0x0800011b   Thumb Code     0  startup_stm32f103xb.o(.text)
    DMA1_Channel7_IRQHandler                 0x0800011b   Thumb Code     0  startup_stm32f103xb.o(.text)
    EXTI0_IRQHandler                         0x0800011b   Thumb Code     0  startup_stm32f103xb.o(.text)
    EXTI15_10_IRQHandler                     0x0800011b   Thumb Code     0  startup_stm32f103xb.o(.text)
    EXTI1_IRQHandler                         0x0800011b   Thumb Code     0  startup_stm32f103xb.o(.text)
    EXTI2_IRQHandler                         0x0800011b   Thumb Code     0  startup_stm32f103xb.o(.text)
    EXTI3_IRQHandler                         0x0800011b   Thumb Code     0  startup_stm32f103xb.o(.text)
    EXTI4_IRQHandler                         0x0800011b   Thumb Code     0  startup_stm32f103xb.o(.text)
    EXTI9_5_IRQHandler                       0x0800011b   Thumb Code     0  startup_stm32f103xb.o(.text)
    FLASH_IRQHandler                         0x0800011b   Thumb Code     0  startup_stm32f103xb.o(.text)
    I2C1_ER_IRQHandler                       0x0800011b   Thumb Code     0  startup_stm32f103xb.o(.text)
    I2C1_EV_IRQHandler                       0x0800011b   Thumb Code     0  startup_stm32f103xb.o(.text)
    I2C2_ER_IRQHandler                       0x0800011b   Thumb Code     0  startup_stm32f103xb.o(.text)
    I2C2_EV_IRQHandler                       0x0800011b   Thumb Code     0  startup_stm32f103xb.o(.text)
    PVD_IRQHandler                           0x0800011b   Thumb Code     0  startup_stm32f103xb.o(.text)
    RCC_IRQHandler                           0x0800011b   Thumb Code     0  startup_stm32f103xb.o(.text)
    RTC_Alarm_IRQHandler                     0x0800011b   Thumb Code     0  startup_stm32f103xb.o(.text)
    RTC_IRQHandler                           0x0800011b   Thumb Code     0  startup_stm32f103xb.o(.text)
    SPI1_IRQHandler                          0x0800011b   Thumb Code     0  startup_stm32f103xb.o(.text)
    SPI2_IRQHandler                          0x0800011b   Thumb Code     0  startup_stm32f103xb.o(.text)
    TAMPER_IRQHandler                        0x0800011b   Thumb Code     0  startup_stm32f103xb.o(.text)
    TIM1_BRK_IRQHandler                      0x0800011b   Thumb Code     0  startup_stm32f103xb.o(.text)
    TIM1_CC_IRQHandler                       0x0800011b   Thumb Code     0  startup_stm32f103xb.o(.text)
    TIM1_TRG_COM_IRQHandler                  0x0800011b   Thumb Code     0  startup_stm32f103xb.o(.text)
    TIM2_IRQHandler                          0x0800011b   Thumb Code     0  startup_stm32f103xb.o(.text)
    TIM3_IRQHandler                          0x0800011b   Thumb Code     0  startup_stm32f103xb.o(.text)
    TIM4_IRQHandler                          0x0800011b   Thumb Code     0  startup_stm32f103xb.o(.text)
    USART3_IRQHandler                        0x0800011b   Thumb Code     0  startup_stm32f103xb.o(.text)
    USBWakeUp_IRQHandler                     0x0800011b   Thumb Code     0  startup_stm32f103xb.o(.text)
    USB_HP_CAN1_TX_IRQHandler                0x0800011b   Thumb Code     0  startup_stm32f103xb.o(.text)
    USB_LP_CAN1_RX0_IRQHandler               0x0800011b   Thumb Code     0  startup_stm32f103xb.o(.text)
    WWDG_IRQHandler                          0x0800011b   Thumb Code     0  startup_stm32f103xb.o(.text)
    __aeabi_llsr                             0x08000125   Thumb Code    32  llushr.o(.text)
    _ll_ushift_r                             0x08000125   Thumb Code     0  llushr.o(.text)
    __aeabi_memset                           0x08000145   Thumb Code    14  memseta.o(.text)
    __aeabi_memset4                          0x08000145   Thumb Code     0  memseta.o(.text)
    __aeabi_memset8                          0x08000145   Thumb Code     0  memseta.o(.text)
    __aeabi_memclr                           0x08000153   Thumb Code     4  memseta.o(.text)
    __aeabi_memclr4                          0x08000153   Thumb Code     0  memseta.o(.text)
    __aeabi_memclr8                          0x08000153   Thumb Code     0  memseta.o(.text)
    _memset$wrapper                          0x08000157   Thumb Code    18  memseta.o(.text)
    __aeabi_fadd                             0x08000169   Thumb Code   164  fadd.o(.text)
    __aeabi_fsub                             0x0800020d   Thumb Code     6  fadd.o(.text)
    __aeabi_frsub                            0x08000213   Thumb Code     6  fadd.o(.text)
    __aeabi_fmul                             0x08000219   Thumb Code   100  fmul.o(.text)
    __aeabi_fdiv                             0x0800027d   Thumb Code   124  fdiv.o(.text)
    __aeabi_dadd                             0x080002f9   Thumb Code   322  dadd.o(.text)
    __aeabi_dsub                             0x0800043b   Thumb Code     6  dadd.o(.text)
    __aeabi_drsub                            0x08000441   Thumb Code     6  dadd.o(.text)
    __aeabi_dmul                             0x08000447   Thumb Code   228  dmul.o(.text)
    __aeabi_ddiv                             0x0800052b   Thumb Code   222  ddiv.o(.text)
    __ARM_scalbn                             0x08000609   Thumb Code    46  dscalb.o(.text)
    scalbn                                   0x08000609   Thumb Code     0  dscalb.o(.text)
    __aeabi_ui2f                             0x08000637   Thumb Code    10  ffltui.o(.text)
    __aeabi_i2d                              0x08000641   Thumb Code    34  dflti.o(.text)
    __aeabi_f2d                              0x08000663   Thumb Code    38  f2d.o(.text)
    __aeabi_d2f                              0x08000689   Thumb Code    56  d2f.o(.text)
    __aeabi_uidiv                            0x080006c1   Thumb Code     0  uidiv.o(.text)
    __aeabi_uidivmod                         0x080006c1   Thumb Code    44  uidiv.o(.text)
    __aeabi_uldivmod                         0x080006ed   Thumb Code    98  uldiv.o(.text)
    __aeabi_llsl                             0x0800074f   Thumb Code    30  llshl.o(.text)
    _ll_shift_l                              0x0800074f   Thumb Code     0  llshl.o(.text)
    __aeabi_lasr                             0x0800076d   Thumb Code    36  llsshr.o(.text)
    _ll_sshift_r                             0x0800076d   Thumb Code     0  llsshr.o(.text)
    __I$use$fp                               0x08000791   Thumb Code     0  iusefp.o(.text)
    _float_round                             0x08000791   Thumb Code    18  fepilogue.o(.text)
    _float_epilogue                          0x080007a3   Thumb Code    92  fepilogue.o(.text)
    _double_round                            0x080007ff   Thumb Code    30  depilogue.o(.text)
    _double_epilogue                         0x0800081d   Thumb Code   156  depilogue.o(.text)
    __aeabi_d2ulz                            0x080008b9   Thumb Code    48  dfixul.o(.text)
    __aeabi_cdrcmple                         0x080008e9   Thumb Code    48  cdrcmple.o(.text)
    __scatterload                            0x08000919   Thumb Code    28  init.o(.text)
    __scatterload_rt2                        0x08000919   Thumb Code     0  init.o(.text)
    ADC_ConversionStop_Disable               0x0800093d   Thumb Code    86  stm32f1xx_hal_adc.o(i.ADC_ConversionStop_Disable)
    ADC_Enable                               0x08000995   Thumb Code   114  stm32f1xx_hal_adc.o(i.ADC_Enable)
    BusFault_Handler                         0x08000a11   Thumb Code     2  stm32f1xx_it.o(i.BusFault_Handler)
    Com_Filter_Kalman                        0x08000a15   Thumb Code   352  kalman_filtering.o(i.Com_Filter_Kalman)
    DebugMon_Handler                         0x08000b81   Thumb Code     2  stm32f1xx_it.o(i.DebugMon_Handler)
    Error_Handler                            0x08000b83   Thumb Code     4  main.o(i.Error_Handler)
    Get_Accelerometer                        0x08000b87   Thumb Code    44  mpu6050.o(i.Get_Accelerometer)
    Get_Encoder                              0x08000bb5   Thumb Code    34  encoder.o(i.Get_Encoder)
    Get_Gyroscope                            0x08000be1   Thumb Code    44  mpu6050.o(i.Get_Gyroscope)
    Get_Kalman_Angle                         0x08000c0d   Thumb Code   126  app_car.o(i.Get_Kalman_Angle)
    Get_V                                    0x08000ca9   Thumb Code    62  adc.o(i.Get_V)
    HAL_ADCEx_Calibration_Start              0x08000cf9   Thumb Code   210  stm32f1xx_hal_adc_ex.o(i.HAL_ADCEx_Calibration_Start)
    HAL_ADC_ConfigChannel                    0x08000dd1   Thumb Code   240  stm32f1xx_hal_adc.o(i.HAL_ADC_ConfigChannel)
    HAL_ADC_GetValue                         0x08000ecd   Thumb Code     6  stm32f1xx_hal_adc.o(i.HAL_ADC_GetValue)
    HAL_ADC_Init                             0x08000ed5   Thumb Code   272  stm32f1xx_hal_adc.o(i.HAL_ADC_Init)
    HAL_ADC_MspInit                          0x08000ff1   Thumb Code    76  adc.o(i.HAL_ADC_MspInit)
    HAL_ADC_Start                            0x08001049   Thumb Code   184  stm32f1xx_hal_adc.o(i.HAL_ADC_Start)
    HAL_DMA_Abort                            0x08001109   Thumb Code    70  stm32f1xx_hal_dma.o(i.HAL_DMA_Abort)
    HAL_DMA_Abort_IT                         0x08001151   Thumb Code   148  stm32f1xx_hal_dma.o(i.HAL_DMA_Abort_IT)
    HAL_Delay                                0x080011e9   Thumb Code    32  stm32f1xx_hal.o(i.HAL_Delay)
    HAL_GPIO_Init                            0x0800120d   Thumb Code   446  stm32f1xx_hal_gpio.o(i.HAL_GPIO_Init)
    HAL_GPIO_WritePin                        0x080013ed   Thumb Code    10  stm32f1xx_hal_gpio.o(i.HAL_GPIO_WritePin)
    HAL_GetTick                              0x080013f9   Thumb Code     6  stm32f1xx_hal.o(i.HAL_GetTick)
    HAL_I2C_Init                             0x08001405   Thumb Code   376  stm32f1xx_hal_i2c.o(i.HAL_I2C_Init)
    HAL_I2C_Mem_Read                         0x0800158d   Thumb Code   586  stm32f1xx_hal_i2c.o(i.HAL_I2C_Mem_Read)
    HAL_I2C_Mem_Write                        0x080017e9   Thumb Code   294  stm32f1xx_hal_i2c.o(i.HAL_I2C_Mem_Write)
    HAL_I2C_MspInit                          0x08001919   Thumb Code    82  i2c.o(i.HAL_I2C_MspInit)
    HAL_IncTick                              0x08001979   Thumb Code    12  stm32f1xx_hal.o(i.HAL_IncTick)
    HAL_Init                                 0x08001989   Thumb Code    32  stm32f1xx_hal.o(i.HAL_Init)
    HAL_InitTick                             0x080019ad   Thumb Code   118  stm32f1xx_hal_timebase_tim.o(i.HAL_InitTick)
    HAL_MspInit                              0x08001a39   Thumb Code    52  stm32f1xx_hal_msp.o(i.HAL_MspInit)
    HAL_NVIC_EnableIRQ                       0x08001a75   Thumb Code    26  stm32f1xx_hal_cortex.o(i.HAL_NVIC_EnableIRQ)
    HAL_NVIC_SetPriority                     0x08001a91   Thumb Code    60  stm32f1xx_hal_cortex.o(i.HAL_NVIC_SetPriority)
    HAL_NVIC_SetPriorityGrouping             0x08001ad1   Thumb Code    26  stm32f1xx_hal_cortex.o(i.HAL_NVIC_SetPriorityGrouping)
    HAL_RCCEx_GetPeriphCLKFreq               0x08001af5   Thumb Code   148  stm32f1xx_hal_rcc_ex.o(i.HAL_RCCEx_GetPeriphCLKFreq)
    HAL_RCCEx_PeriphCLKConfig                0x08001b99   Thumb Code   224  stm32f1xx_hal_rcc_ex.o(i.HAL_RCCEx_PeriphCLKConfig)
    HAL_RCC_ClockConfig                      0x08001c85   Thumb Code   280  stm32f1xx_hal_rcc.o(i.HAL_RCC_ClockConfig)
    HAL_RCC_GetClockConfig                   0x08001db1   Thumb Code    54  stm32f1xx_hal_rcc.o(i.HAL_RCC_GetClockConfig)
    HAL_RCC_GetPCLK1Freq                     0x08001df1   Thumb Code    20  stm32f1xx_hal_rcc.o(i.HAL_RCC_GetPCLK1Freq)
    HAL_RCC_GetPCLK2Freq                     0x08001e11   Thumb Code    20  stm32f1xx_hal_rcc.o(i.HAL_RCC_GetPCLK2Freq)
    HAL_RCC_GetSysClockFreq                  0x08001e31   Thumb Code    58  stm32f1xx_hal_rcc.o(i.HAL_RCC_GetSysClockFreq)
    HAL_RCC_OscConfig                        0x08001e7d   Thumb Code   778  stm32f1xx_hal_rcc.o(i.HAL_RCC_OscConfig)
    HAL_SPI_Init                             0x0800219d   Thumb Code   178  stm32f1xx_hal_spi.o(i.HAL_SPI_Init)
    HAL_SPI_MspInit                          0x08002251   Thumb Code    80  spi.o(i.HAL_SPI_MspInit)
    HAL_SPI_Transmit                         0x080022ad   Thumb Code   358  stm32f1xx_hal_spi.o(i.HAL_SPI_Transmit)
    HAL_TIMEx_BreakCallback                  0x08002413   Thumb Code     2  stm32f1xx_hal_tim_ex.o(i.HAL_TIMEx_BreakCallback)
    HAL_TIMEx_CommutCallback                 0x08002415   Thumb Code     2  stm32f1xx_hal_tim_ex.o(i.HAL_TIMEx_CommutCallback)
    HAL_TIMEx_MasterConfigSynchronization    0x08002419   Thumb Code    92  stm32f1xx_hal_tim_ex.o(i.HAL_TIMEx_MasterConfigSynchronization)
    HAL_TIM_Base_Init                        0x08002481   Thumb Code    90  stm32f1xx_hal_tim.o(i.HAL_TIM_Base_Init)
    HAL_TIM_Base_MspInit                     0x080024dd   Thumb Code    30  tim.o(i.HAL_TIM_Base_MspInit)
    HAL_TIM_Base_Start_IT                    0x08002505   Thumb Code    76  stm32f1xx_hal_tim.o(i.HAL_TIM_Base_Start_IT)
    HAL_TIM_ConfigClockSource                0x0800255d   Thumb Code   220  stm32f1xx_hal_tim.o(i.HAL_TIM_ConfigClockSource)
    HAL_TIM_Encoder_Init                     0x08002639   Thumb Code   164  stm32f1xx_hal_tim.o(i.HAL_TIM_Encoder_Init)
    HAL_TIM_Encoder_MspInit                  0x080026dd   Thumb Code   192  tim.o(i.HAL_TIM_Encoder_MspInit)
    HAL_TIM_IC_CaptureCallback               0x080027b1   Thumb Code     2  stm32f1xx_hal_tim.o(i.HAL_TIM_IC_CaptureCallback)
    HAL_TIM_IRQHandler                       0x080027b3   Thumb Code   304  stm32f1xx_hal_tim.o(i.HAL_TIM_IRQHandler)
    HAL_TIM_MspPostInit                      0x080028e5   Thumb Code    64  tim.o(i.HAL_TIM_MspPostInit)
    HAL_TIM_OC_DelayElapsedCallback          0x08002931   Thumb Code     2  stm32f1xx_hal_tim.o(i.HAL_TIM_OC_DelayElapsedCallback)
    HAL_TIM_PWM_ConfigChannel                0x08002933   Thumb Code   204  stm32f1xx_hal_tim.o(i.HAL_TIM_PWM_ConfigChannel)
    HAL_TIM_PWM_Init                         0x080029ff   Thumb Code    90  stm32f1xx_hal_tim.o(i.HAL_TIM_PWM_Init)
    HAL_TIM_PWM_MspInit                      0x08002a59   Thumb Code     2  stm32f1xx_hal_tim.o(i.HAL_TIM_PWM_MspInit)
    HAL_TIM_PWM_PulseFinishedCallback        0x08002a5b   Thumb Code     2  stm32f1xx_hal_tim.o(i.HAL_TIM_PWM_PulseFinishedCallback)
    HAL_TIM_PeriodElapsedCallback            0x08002a5d   Thumb Code    14  main.o(i.HAL_TIM_PeriodElapsedCallback)
    HAL_TIM_TriggerCallback                  0x08002a71   Thumb Code     2  stm32f1xx_hal_tim.o(i.HAL_TIM_TriggerCallback)
    HAL_UARTEx_RxEventCallback               0x08002a73   Thumb Code     2  stm32f1xx_hal_uart.o(i.HAL_UARTEx_RxEventCallback)
    HAL_UART_ErrorCallback                   0x08002a75   Thumb Code     2  stm32f1xx_hal_uart.o(i.HAL_UART_ErrorCallback)
    HAL_UART_IRQHandler                      0x08002a79   Thumb Code   616  stm32f1xx_hal_uart.o(i.HAL_UART_IRQHandler)
    HAL_UART_Init                            0x08002ce5   Thumb Code   100  stm32f1xx_hal_uart.o(i.HAL_UART_Init)
    HAL_UART_MspInit                         0x08002d49   Thumb Code   198  usart.o(i.HAL_UART_MspInit)
    HAL_UART_RxCpltCallback                  0x08002e21   Thumb Code     2  stm32f1xx_hal_uart.o(i.HAL_UART_RxCpltCallback)
    HAL_UART_Transmit                        0x08002e23   Thumb Code   160  stm32f1xx_hal_uart.o(i.HAL_UART_Transmit)
    HAL_UART_TxCpltCallback                  0x08002ec3   Thumb Code     2  stm32f1xx_hal_uart.o(i.HAL_UART_TxCpltCallback)
    HardFault_Handler                        0x08002ec5   Thumb Code     2  stm32f1xx_it.o(i.HardFault_Handler)
    MPU6050_Init                             0x08003305   Thumb Code    94  mpu6050.o(i.MPU6050_Init)
    MPU6050_Sample_Rate                      0x0800336d   Thumb Code    40  mpu6050.o(i.MPU6050_Sample_Rate)
    MX_ADC1_Init                             0x08003395   Thumb Code    70  adc.o(i.MX_ADC1_Init)
    MX_GPIO_Init                             0x080033e5   Thumb Code   186  gpio.o(i.MX_GPIO_Init)
    MX_I2C2_Init                             0x080034ad   Thumb Code    50  i2c.o(i.MX_I2C2_Init)
    MX_SPI1_Init                             0x080034ed   Thumb Code    62  spi.o(i.MX_SPI1_Init)
    MX_TIM2_Init                             0x08003535   Thumb Code    98  tim.o(i.MX_TIM2_Init)
    MX_TIM3_Init                             0x0800359d   Thumb Code    96  tim.o(i.MX_TIM3_Init)
    MX_TIM4_Init                             0x08003605   Thumb Code   158  tim.o(i.MX_TIM4_Init)
    MX_USART1_UART_Init                      0x080036ad   Thumb Code    48  usart.o(i.MX_USART1_UART_Init)
    MX_USART2_UART_Init                      0x080036e5   Thumb Code    48  usart.o(i.MX_USART2_UART_Init)
    MemManage_Handler                        0x0800371d   Thumb Code     2  stm32f1xx_it.o(i.MemManage_Handler)
    NMI_Handler                              0x0800371f   Thumb Code     2  stm32f1xx_it.o(i.NMI_Handler)
    OLED_Clear                               0x08003721   Thumb Code    40  oled.o(i.OLED_Clear)
    OLED_DrawPoint                           0x0800374d   Thumb Code    40  oled.o(i.OLED_DrawPoint)
    OLED_Init                                0x08003779   Thumb Code   262  oled.o(i.OLED_Init)
    OLED_Refresh                             0x08003885   Thumb Code    70  oled.o(i.OLED_Refresh)
    OLED_ShowChar                            0x080038d1   Thumb Code   212  oled.o(i.OLED_ShowChar)
    OLED_ShowString                          0x080039b5   Thumb Code    60  oled.o(i.OLED_ShowString)
    OLED_WR_Byte                             0x080039f1   Thumb Code    68  oled.o(i.OLED_WR_Byte)
    PendSV_Handler                           0x08003a41   Thumb Code     2  stm32f1xx_it.o(i.PendSV_Handler)
    Read_MPU6050                             0x08003a45   Thumb Code    26  mpu6050.o(i.Read_MPU6050)
    Reads_MPU6050                            0x08003a65   Thumb Code    24  mpu6050.o(i.Reads_MPU6050)
    SVC_Handler                              0x08003b6d   Thumb Code     2  stm32f1xx_it.o(i.SVC_Handler)
    Show_Informain                           0x08003b71   Thumb Code   216  app_car.o(i.Show_Informain)
    SysTick_Handler                          0x08003c75   Thumb Code     2  stm32f1xx_it.o(i.SysTick_Handler)
    SystemClock_Config                       0x08003c77   Thumb Code   120  main.o(i.SystemClock_Config)
    SystemInit                               0x08003cef   Thumb Code     2  system_stm32f1xx.o(i.SystemInit)
    TIM1_UP_IRQHandler                       0x08003cf1   Thumb Code     6  stm32f1xx_it.o(i.TIM1_UP_IRQHandler)
    TIM_Base_SetConfig                       0x08003cfd   Thumb Code   108  stm32f1xx_hal_tim.o(i.TIM_Base_SetConfig)
    TIM_ETR_SetConfig                        0x08003d75   Thumb Code    20  stm32f1xx_hal_tim.o(i.TIM_ETR_SetConfig)
    TIM_OC2_SetConfig                        0x08003de9   Thumb Code    84  stm32f1xx_hal_tim.o(i.TIM_OC2_SetConfig)
    USART1_IRQHandler                        0x08004171   Thumb Code     6  stm32f1xx_it.o(i.USART1_IRQHandler)
    USART2_IRQHandler                        0x0800417d   Thumb Code     6  stm32f1xx_it.o(i.USART2_IRQHandler)
    UsageFault_Handler                       0x08004189   Thumb Code     2  stm32f1xx_it.o(i.UsageFault_Handler)
    Write_MPU6050                            0x0800418d   Thumb Code    32  mpu6050.o(i.Write_MPU6050)
    __0printf                                0x080041b1   Thumb Code    22  printfa.o(i.__0printf)
    __1printf                                0x080041b1   Thumb Code     0  printfa.o(i.__0printf)
    __2printf                                0x080041b1   Thumb Code     0  printfa.o(i.__0printf)
    __c89printf                              0x080041b1   Thumb Code     0  printfa.o(i.__0printf)
    printf                                   0x080041b1   Thumb Code     0  printfa.o(i.__0printf)
    __0sprintf                               0x080041d1   Thumb Code    34  printfa.o(i.__0sprintf)
    __1sprintf                               0x080041d1   Thumb Code     0  printfa.o(i.__0sprintf)
    __2sprintf                               0x080041d1   Thumb Code     0  printfa.o(i.__0sprintf)
    __c89sprintf                             0x080041d1   Thumb Code     0  printfa.o(i.__0sprintf)
    sprintf                                  0x080041d1   Thumb Code     0  printfa.o(i.__0sprintf)
    __ARM_fpclassify                         0x080041f9   Thumb Code    40  fpclassify.o(i.__ARM_fpclassify)
    __kernel_poly                            0x08004241   Thumb Code   170  poly.o(i.__kernel_poly)
    __mathlib_dbl_infnan                     0x080042eb   Thumb Code     6  dunder.o(i.__mathlib_dbl_infnan)
    __mathlib_dbl_infnan2                    0x080042f1   Thumb Code     4  dunder.o(i.__mathlib_dbl_infnan2)
    __mathlib_dbl_underflow                  0x080042f5   Thumb Code    10  dunder.o(i.__mathlib_dbl_underflow)
    __scatterload_copy                       0x08004305   Thumb Code    14  handlers.o(i.__scatterload_copy)
    __scatterload_null                       0x08004313   Thumb Code     2  handlers.o(i.__scatterload_null)
    __scatterload_zeroinit                   0x08004315   Thumb Code    14  handlers.o(i.__scatterload_zeroinit)
    atan                                     0x08004be1   Thumb Code   474  atan.o(i.atan)
    atan2                                    0x08004e01   Thumb Code   346  atan2.o(i.atan2)
    fputc                                    0x08004f81   Thumb Code    20  usart.o(i.fputc)
    main                                     0x08004f99   Thumb Code    86  main.o(i.main)
    AHBPrescTable                            0x08005018   Data          16  system_stm32f1xx.o(.constdata)
    APBPrescTable                            0x08005028   Data           8  system_stm32f1xx.o(.constdata)
    asc2_0806                                0x08005030   Data         552  oled.o(.constdata)
    asc2_1206                                0x08005258   Data        1140  oled.o(.constdata)
    asc2_1608                                0x080056cc   Data        1520  oled.o(.constdata)
    asc2_2412                                0x08005cbc   Data        3420  oled.o(.constdata)
    Hzk1                                     0x08006a18   Data         352  oled.o(.constdata)
    Hzk2                                     0x08006b78   Data          72  oled.o(.constdata)
    Hzk3                                     0x08006bc0   Data         128  oled.o(.constdata)
    Hzk4                                     0x08006c40   Data         512  oled.o(.constdata)
    __mathlib_zero                           0x08006ed8   Data           8  qnan.o(.constdata)
    Region$$Table$$Base                      0x08006ee0   Number         0  anon$$obj.o(Region$$Table)
    Region$$Table$$Limit                     0x08006f00   Number         0  anon$$obj.o(Region$$Table)
    uwTickFreq                               0x20000000   Data           1  stm32f1xx_hal.o(.data)
    uwTickPrio                               0x20000004   Data           4  stm32f1xx_hal.o(.data)
    uwTick                                   0x20000008   Data           4  stm32f1xx_hal.o(.data)
    SystemCoreClock                          0x2000000c   Data           4  system_stm32f1xx.o(.data)
    ax                                       0x20000010   Data           2  app_car.o(.data)
    ay                                       0x20000012   Data           2  app_car.o(.data)
    az                                       0x20000014   Data           2  app_car.o(.data)
    gx                                       0x20000016   Data           2  app_car.o(.data)
    gy                                       0x20000018   Data           2  app_car.o(.data)
    gz                                       0x2000001a   Data           2  app_car.o(.data)
    Accele_Angle                             0x2000001c   Data           4  app_car.o(.data)
    actual_gy                                0x20000020   Data           4  app_car.o(.data)
    angle                                    0x20000024   Data           4  app_car.o(.data)
    Encoder_A                                0x20000028   Data           4  app_car.o(.data)
    Encoder_B                                0x2000002c   Data           4  app_car.o(.data)
    C_0                                      0x20000030   Data           1  kalman_filtering.o(.data)
    Q_angle                                  0x20000034   Data           4  kalman_filtering.o(.data)
    Q_gyro                                   0x20000038   Data           4  kalman_filtering.o(.data)
    R_angle                                  0x2000003c   Data           4  kalman_filtering.o(.data)
    dt                                       0x20000040   Data           4  kalman_filtering.o(.data)
    angle_dot                                0x20000044   Data           4  kalman_filtering.o(.data)
    Q_bias                                   0x20000048   Data           4  kalman_filtering.o(.data)
    Angle_err                                0x2000004c   Data           4  kalman_filtering.o(.data)
    PCt_0                                    0x20000050   Data           4  kalman_filtering.o(.data)
    PCt_1                                    0x20000054   Data           4  kalman_filtering.o(.data)
    E                                        0x20000058   Data           4  kalman_filtering.o(.data)
    K_0                                      0x2000005c   Data           4  kalman_filtering.o(.data)
    K_1                                      0x20000060   Data           4  kalman_filtering.o(.data)
    t_0                                      0x20000064   Data           4  kalman_filtering.o(.data)
    t_1                                      0x20000068   Data           4  kalman_filtering.o(.data)
    PP                                       0x2000006c   Data          16  kalman_filtering.o(.data)
    __stdout                                 0x2000007c   Data           4  stdout.o(.data)
    hadc1                                    0x20000080   Data          48  adc.o(.bss)
    hi2c2                                    0x200000b0   Data          84  i2c.o(.bss)
    hspi1                                    0x20000104   Data          88  spi.o(.bss)
    htim2                                    0x2000015c   Data          72  tim.o(.bss)
    htim3                                    0x200001a4   Data          72  tim.o(.bss)
    htim4                                    0x200001ec   Data          72  tim.o(.bss)
    huart1                                   0x20000234   Data          72  usart.o(.bss)
    huart2                                   0x2000027c   Data          72  usart.o(.bss)
    htim1                                    0x200002c4   Data          72  stm32f1xx_hal_timebase_tim.o(.bss)
    OLED_GRAM                                0x2000030c   Data        1152  oled.o(.bss)
    Pdot                                     0x2000078c   Data          16  kalman_filtering.o(.bss)
    __initial_sp                             0x20000ba0   Data           0  startup_stm32f103xb.o(STACK)



==============================================================================

Memory Map of the image

  Image Entry point : 0x080000ed

  Load Region LR_IROM1 (Base: 0x08000000, Size: 0x00006f80, Max: 0x00010000, ABSOLUTE)

    Execution Region ER_IROM1 (Exec base: 0x08000000, Load base: 0x08000000, Size: 0x00006f00, Max: 0x00010000, ABSOLUTE)

    Exec Addr    Load Addr    Size         Type   Attr      Idx    E Section Name        Object

    0x08000000   0x08000000   0x000000ec   Data   RO            3    RESET               startup_stm32f103xb.o
    0x080000ec   0x080000ec   0x00000000   Code   RO         4461  * .ARM.Collect$$$$00000000  mc_w.l(entry.o)
    0x080000ec   0x080000ec   0x00000004   Code   RO         4778    .ARM.Collect$$$$00000001  mc_w.l(entry2.o)
    0x080000f0   0x080000f0   0x00000004   Code   RO         4781    .ARM.Collect$$$$00000004  mc_w.l(entry5.o)
    0x080000f4   0x080000f4   0x00000000   Code   RO         4783    .ARM.Collect$$$$00000008  mc_w.l(entry7b.o)
    0x080000f4   0x080000f4   0x00000000   Code   RO         4785    .ARM.Collect$$$$0000000A  mc_w.l(entry8b.o)
    0x080000f4   0x080000f4   0x00000008   Code   RO         4786    .ARM.Collect$$$$0000000B  mc_w.l(entry9a.o)
    0x080000fc   0x080000fc   0x00000000   Code   RO         4788    .ARM.Collect$$$$0000000D  mc_w.l(entry10a.o)
    0x080000fc   0x080000fc   0x00000000   Code   RO         4790    .ARM.Collect$$$$0000000F  mc_w.l(entry11a.o)
    0x080000fc   0x080000fc   0x00000004   Code   RO         4779    .ARM.Collect$$$$00002712  mc_w.l(entry2.o)
    0x08000100   0x08000100   0x00000024   Code   RO            4    .text               startup_stm32f103xb.o
    0x08000124   0x08000124   0x00000020   Code   RO         4464    .text               mc_w.l(llushr.o)
    0x08000144   0x08000144   0x00000024   Code   RO         4466    .text               mc_w.l(memseta.o)
    0x08000168   0x08000168   0x000000b0   Code   RO         4729    .text               mf_w.l(fadd.o)
    0x08000218   0x08000218   0x00000064   Code   RO         4731    .text               mf_w.l(fmul.o)
    0x0800027c   0x0800027c   0x0000007c   Code   RO         4733    .text               mf_w.l(fdiv.o)
    0x080002f8   0x080002f8   0x0000014e   Code   RO         4735    .text               mf_w.l(dadd.o)
    0x08000446   0x08000446   0x000000e4   Code   RO         4737    .text               mf_w.l(dmul.o)
    0x0800052a   0x0800052a   0x000000de   Code   RO         4739    .text               mf_w.l(ddiv.o)
    0x08000608   0x08000608   0x0000002e   Code   RO         4741    .text               mf_w.l(dscalb.o)
    0x08000636   0x08000636   0x0000000a   Code   RO         4743    .text               mf_w.l(ffltui.o)
    0x08000640   0x08000640   0x00000022   Code   RO         4745    .text               mf_w.l(dflti.o)
    0x08000662   0x08000662   0x00000026   Code   RO         4749    .text               mf_w.l(f2d.o)
    0x08000688   0x08000688   0x00000038   Code   RO         4751    .text               mf_w.l(d2f.o)
    0x080006c0   0x080006c0   0x0000002c   Code   RO         4793    .text               mc_w.l(uidiv.o)
    0x080006ec   0x080006ec   0x00000062   Code   RO         4795    .text               mc_w.l(uldiv.o)
    0x0800074e   0x0800074e   0x0000001e   Code   RO         4797    .text               mc_w.l(llshl.o)
    0x0800076c   0x0800076c   0x00000024   Code   RO         4799    .text               mc_w.l(llsshr.o)
    0x08000790   0x08000790   0x00000000   Code   RO         4808    .text               mc_w.l(iusefp.o)
    0x08000790   0x08000790   0x0000006e   Code   RO         4809    .text               mf_w.l(fepilogue.o)
    0x080007fe   0x080007fe   0x000000ba   Code   RO         4811    .text               mf_w.l(depilogue.o)
    0x080008b8   0x080008b8   0x00000030   Code   RO         4813    .text               mf_w.l(dfixul.o)
    0x080008e8   0x080008e8   0x00000030   Code   RO         4815    .text               mf_w.l(cdrcmple.o)
    0x08000918   0x08000918   0x00000024   Code   RO         4821    .text               mc_w.l(init.o)
    0x0800093c   0x0800093c   0x00000056   Code   RO         1655    i.ADC_ConversionStop_Disable  stm32f1xx_hal_adc.o
    0x08000992   0x08000992   0x00000002   PAD
    0x08000994   0x08000994   0x0000007c   Code   RO         1659    i.ADC_Enable        stm32f1xx_hal_adc.o
    0x08000a10   0x08000a10   0x00000002   Code   RO          489    i.BusFault_Handler  stm32f1xx_it.o
    0x08000a12   0x08000a12   0x00000002   PAD
    0x08000a14   0x08000a14   0x0000016c   Code   RO         4392    i.Com_Filter_Kalman  kalman_filtering.o
    0x08000b80   0x08000b80   0x00000002   Code   RO          490    i.DebugMon_Handler  stm32f1xx_it.o
    0x08000b82   0x08000b82   0x00000004   Code   RO           13    i.Error_Handler     main.o
    0x08000b86   0x08000b86   0x0000002c   Code   RO         4134    i.Get_Accelerometer  mpu6050.o
    0x08000bb2   0x08000bb2   0x00000002   PAD
    0x08000bb4   0x08000bb4   0x0000002c   Code   RO         4107    i.Get_Encoder       encoder.o
    0x08000be0   0x08000be0   0x0000002c   Code   RO         4135    i.Get_Gyroscope     mpu6050.o
    0x08000c0c   0x08000c0c   0x0000009c   Code   RO         4354    i.Get_Kalman_Angle  app_car.o
    0x08000ca8   0x08000ca8   0x00000050   Code   RO          231    i.Get_V             adc.o
    0x08000cf8   0x08000cf8   0x000000d8   Code   RO         1835    i.HAL_ADCEx_Calibration_Start  stm32f1xx_hal_adc_ex.o
    0x08000dd0   0x08000dd0   0x000000fc   Code   RO         1661    i.HAL_ADC_ConfigChannel  stm32f1xx_hal_adc.o
    0x08000ecc   0x08000ecc   0x00000006   Code   RO         1668    i.HAL_ADC_GetValue  stm32f1xx_hal_adc.o
    0x08000ed2   0x08000ed2   0x00000002   PAD
    0x08000ed4   0x08000ed4   0x0000011c   Code   RO         1670    i.HAL_ADC_Init      stm32f1xx_hal_adc.o
    0x08000ff0   0x08000ff0   0x00000058   Code   RO          233    i.HAL_ADC_MspInit   adc.o
    0x08001048   0x08001048   0x000000c0   Code   RO         1676    i.HAL_ADC_Start     stm32f1xx_hal_adc.o
    0x08001108   0x08001108   0x00000046   Code   RO         2312    i.HAL_DMA_Abort     stm32f1xx_hal_dma.o
    0x0800114e   0x0800114e   0x00000002   PAD
    0x08001150   0x08001150   0x00000098   Code   RO         2313    i.HAL_DMA_Abort_IT  stm32f1xx_hal_dma.o
    0x080011e8   0x080011e8   0x00000024   Code   RO         1938    i.HAL_Delay         stm32f1xx_hal.o
    0x0800120c   0x0800120c   0x000001e0   Code   RO         2248    i.HAL_GPIO_Init     stm32f1xx_hal_gpio.o
    0x080013ec   0x080013ec   0x0000000a   Code   RO         2252    i.HAL_GPIO_WritePin  stm32f1xx_hal_gpio.o
    0x080013f6   0x080013f6   0x00000002   PAD
    0x080013f8   0x080013f8   0x0000000c   Code   RO         1942    i.HAL_GetTick       stm32f1xx_hal.o
    0x08001404   0x08001404   0x00000188   Code   RO         2919    i.HAL_I2C_Init      stm32f1xx_hal_i2c.o
    0x0800158c   0x0800158c   0x0000025c   Code   RO         2937    i.HAL_I2C_Mem_Read  stm32f1xx_hal_i2c.o
    0x080017e8   0x080017e8   0x00000130   Code   RO         2940    i.HAL_I2C_Mem_Write  stm32f1xx_hal_i2c.o
    0x08001918   0x08001918   0x00000060   Code   RO          280    i.HAL_I2C_MspInit   i2c.o
    0x08001978   0x08001978   0x00000010   Code   RO         1948    i.HAL_IncTick       stm32f1xx_hal.o
    0x08001988   0x08001988   0x00000024   Code   RO         1949    i.HAL_Init          stm32f1xx_hal.o
    0x080019ac   0x080019ac   0x0000008c   Code   RO          607    i.HAL_InitTick      stm32f1xx_hal_timebase_tim.o
    0x08001a38   0x08001a38   0x0000003c   Code   RO          583    i.HAL_MspInit       stm32f1xx_hal_msp.o
    0x08001a74   0x08001a74   0x0000001a   Code   RO         2408    i.HAL_NVIC_EnableIRQ  stm32f1xx_hal_cortex.o
    0x08001a8e   0x08001a8e   0x00000002   PAD
    0x08001a90   0x08001a90   0x00000040   Code   RO         2414    i.HAL_NVIC_SetPriority  stm32f1xx_hal_cortex.o
    0x08001ad0   0x08001ad0   0x00000024   Code   RO         2415    i.HAL_NVIC_SetPriorityGrouping  stm32f1xx_hal_cortex.o
    0x08001af4   0x08001af4   0x000000a4   Code   RO         2209    i.HAL_RCCEx_GetPeriphCLKFreq  stm32f1xx_hal_rcc_ex.o
    0x08001b98   0x08001b98   0x000000ec   Code   RO         2210    i.HAL_RCCEx_PeriphCLKConfig  stm32f1xx_hal_rcc_ex.o
    0x08001c84   0x08001c84   0x0000012c   Code   RO         2106    i.HAL_RCC_ClockConfig  stm32f1xx_hal_rcc.o
    0x08001db0   0x08001db0   0x00000040   Code   RO         2110    i.HAL_RCC_GetClockConfig  stm32f1xx_hal_rcc.o
    0x08001df0   0x08001df0   0x00000020   Code   RO         2113    i.HAL_RCC_GetPCLK1Freq  stm32f1xx_hal_rcc.o
    0x08001e10   0x08001e10   0x00000020   Code   RO         2114    i.HAL_RCC_GetPCLK2Freq  stm32f1xx_hal_rcc.o
    0x08001e30   0x08001e30   0x0000004c   Code   RO         2115    i.HAL_RCC_GetSysClockFreq  stm32f1xx_hal_rcc.o
    0x08001e7c   0x08001e7c   0x00000320   Code   RO         2118    i.HAL_RCC_OscConfig  stm32f1xx_hal_rcc.o
    0x0800219c   0x0800219c   0x000000b2   Code   RO         3356    i.HAL_SPI_Init      stm32f1xx_hal_spi.o
    0x0800224e   0x0800224e   0x00000002   PAD
    0x08002250   0x08002250   0x0000005c   Code   RO          322    i.HAL_SPI_MspInit   spi.o
    0x080022ac   0x080022ac   0x00000166   Code   RO         3364    i.HAL_SPI_Transmit  stm32f1xx_hal_spi.o
    0x08002412   0x08002412   0x00000002   Code   RO         1388    i.HAL_TIMEx_BreakCallback  stm32f1xx_hal_tim_ex.o
    0x08002414   0x08002414   0x00000002   Code   RO         1389    i.HAL_TIMEx_CommutCallback  stm32f1xx_hal_tim_ex.o
    0x08002416   0x08002416   0x00000002   PAD
    0x08002418   0x08002418   0x00000068   Code   RO         1407    i.HAL_TIMEx_MasterConfigSynchronization  stm32f1xx_hal_tim_ex.o
    0x08002480   0x08002480   0x0000005a   Code   RO          684    i.HAL_TIM_Base_Init  stm32f1xx_hal_tim.o
    0x080024da   0x080024da   0x00000002   PAD
    0x080024dc   0x080024dc   0x00000028   Code   RO          364    i.HAL_TIM_Base_MspInit  tim.o
    0x08002504   0x08002504   0x00000058   Code   RO          689    i.HAL_TIM_Base_Start_IT  stm32f1xx_hal_tim.o
    0x0800255c   0x0800255c   0x000000dc   Code   RO          693    i.HAL_TIM_ConfigClockSource  stm32f1xx_hal_tim.o
    0x08002638   0x08002638   0x000000a4   Code   RO          705    i.HAL_TIM_Encoder_Init  stm32f1xx_hal_tim.o
    0x080026dc   0x080026dc   0x000000d4   Code   RO          366    i.HAL_TIM_Encoder_MspInit  tim.o
    0x080027b0   0x080027b0   0x00000002   Code   RO          718    i.HAL_TIM_IC_CaptureCallback  stm32f1xx_hal_tim.o
    0x080027b2   0x080027b2   0x00000130   Code   RO          732    i.HAL_TIM_IRQHandler  stm32f1xx_hal_tim.o
    0x080028e2   0x080028e2   0x00000002   PAD
    0x080028e4   0x080028e4   0x0000004c   Code   RO          367    i.HAL_TIM_MspPostInit  tim.o
    0x08002930   0x08002930   0x00000002   Code   RO          735    i.HAL_TIM_OC_DelayElapsedCallback  stm32f1xx_hal_tim.o
    0x08002932   0x08002932   0x000000cc   Code   RO          756    i.HAL_TIM_PWM_ConfigChannel  stm32f1xx_hal_tim.o
    0x080029fe   0x080029fe   0x0000005a   Code   RO          759    i.HAL_TIM_PWM_Init  stm32f1xx_hal_tim.o
    0x08002a58   0x08002a58   0x00000002   Code   RO          761    i.HAL_TIM_PWM_MspInit  stm32f1xx_hal_tim.o
    0x08002a5a   0x08002a5a   0x00000002   Code   RO          762    i.HAL_TIM_PWM_PulseFinishedCallback  stm32f1xx_hal_tim.o
    0x08002a5c   0x08002a5c   0x00000014   Code   RO           14    i.HAL_TIM_PeriodElapsedCallback  main.o
    0x08002a70   0x08002a70   0x00000002   Code   RO          775    i.HAL_TIM_TriggerCallback  stm32f1xx_hal_tim.o
    0x08002a72   0x08002a72   0x00000002   Code   RO         3679    i.HAL_UARTEx_RxEventCallback  stm32f1xx_hal_uart.o
    0x08002a74   0x08002a74   0x00000002   Code   RO         3693    i.HAL_UART_ErrorCallback  stm32f1xx_hal_uart.o
    0x08002a76   0x08002a76   0x00000002   PAD
    0x08002a78   0x08002a78   0x0000026c   Code   RO         3696    i.HAL_UART_IRQHandler  stm32f1xx_hal_uart.o
    0x08002ce4   0x08002ce4   0x00000064   Code   RO         3697    i.HAL_UART_Init     stm32f1xx_hal_uart.o
    0x08002d48   0x08002d48   0x000000d8   Code   RO          436    i.HAL_UART_MspInit  usart.o
    0x08002e20   0x08002e20   0x00000002   Code   RO         3703    i.HAL_UART_RxCpltCallback  stm32f1xx_hal_uart.o
    0x08002e22   0x08002e22   0x000000a0   Code   RO         3705    i.HAL_UART_Transmit  stm32f1xx_hal_uart.o
    0x08002ec2   0x08002ec2   0x00000002   Code   RO         3708    i.HAL_UART_TxCpltCallback  stm32f1xx_hal_uart.o
    0x08002ec4   0x08002ec4   0x00000002   Code   RO          491    i.HardFault_Handler  stm32f1xx_it.o
    0x08002ec6   0x08002ec6   0x0000002e   Code   RO         2962    i.I2C_IsAcknowledgeFailed  stm32f1xx_hal_i2c.o
    0x08002ef4   0x08002ef4   0x000000fc   Code   RO         2972    i.I2C_RequestMemoryRead  stm32f1xx_hal_i2c.o
    0x08002ff0   0x08002ff0   0x000000a8   Code   RO         2973    i.I2C_RequestMemoryWrite  stm32f1xx_hal_i2c.o
    0x08003098   0x08003098   0x00000056   Code   RO         2977    i.I2C_WaitOnBTFFlagUntilTimeout  stm32f1xx_hal_i2c.o
    0x080030ee   0x080030ee   0x00000002   PAD
    0x080030f0   0x080030f0   0x00000090   Code   RO         2978    i.I2C_WaitOnFlagUntilTimeout  stm32f1xx_hal_i2c.o
    0x08003180   0x08003180   0x000000bc   Code   RO         2979    i.I2C_WaitOnMasterAddressFlagUntilTimeout  stm32f1xx_hal_i2c.o
    0x0800323c   0x0800323c   0x00000070   Code   RO         2980    i.I2C_WaitOnRXNEFlagUntilTimeout  stm32f1xx_hal_i2c.o
    0x080032ac   0x080032ac   0x00000056   Code   RO         2981    i.I2C_WaitOnTXEFlagUntilTimeout  stm32f1xx_hal_i2c.o
    0x08003302   0x08003302   0x00000002   PAD
    0x08003304   0x08003304   0x00000068   Code   RO         4137    i.MPU6050_Init      mpu6050.o
    0x0800336c   0x0800336c   0x00000028   Code   RO         4138    i.MPU6050_Sample_Rate  mpu6050.o
    0x08003394   0x08003394   0x00000050   Code   RO          234    i.MX_ADC1_Init      adc.o
    0x080033e4   0x080033e4   0x000000c8   Code   RO          207    i.MX_GPIO_Init      gpio.o
    0x080034ac   0x080034ac   0x00000040   Code   RO          281    i.MX_I2C2_Init      i2c.o
    0x080034ec   0x080034ec   0x00000048   Code   RO          323    i.MX_SPI1_Init      spi.o
    0x08003534   0x08003534   0x00000068   Code   RO          368    i.MX_TIM2_Init      tim.o
    0x0800359c   0x0800359c   0x00000068   Code   RO          369    i.MX_TIM3_Init      tim.o
    0x08003604   0x08003604   0x000000a8   Code   RO          370    i.MX_TIM4_Init      tim.o
    0x080036ac   0x080036ac   0x00000038   Code   RO          437    i.MX_USART1_UART_Init  usart.o
    0x080036e4   0x080036e4   0x00000038   Code   RO          438    i.MX_USART2_UART_Init  usart.o
    0x0800371c   0x0800371c   0x00000002   Code   RO          492    i.MemManage_Handler  stm32f1xx_it.o
    0x0800371e   0x0800371e   0x00000002   Code   RO          493    i.NMI_Handler       stm32f1xx_it.o
    0x08003720   0x08003720   0x0000002c   Code   RO         4212    i.OLED_Clear        oled.o
    0x0800374c   0x0800374c   0x0000002c   Code   RO         4219    i.OLED_DrawPoint    oled.o
    0x08003778   0x08003778   0x0000010c   Code   RO         4220    i.OLED_Init         oled.o
    0x08003884   0x08003884   0x0000004c   Code   RO         4222    i.OLED_Refresh      oled.o
    0x080038d0   0x080038d0   0x000000e4   Code   RO         4224    i.OLED_ShowChar     oled.o
    0x080039b4   0x080039b4   0x0000003c   Code   RO         4228    i.OLED_ShowString   oled.o
    0x080039f0   0x080039f0   0x00000050   Code   RO         4229    i.OLED_WR_Byte      oled.o
    0x08003a40   0x08003a40   0x00000002   Code   RO          494    i.PendSV_Handler    stm32f1xx_it.o
    0x08003a42   0x08003a42   0x00000002   PAD
    0x08003a44   0x08003a44   0x00000020   Code   RO         4139    i.Read_MPU6050      mpu6050.o
    0x08003a64   0x08003a64   0x0000001c   Code   RO         4140    i.Reads_MPU6050     mpu6050.o
    0x08003a80   0x08003a80   0x00000034   Code   RO         3394    i.SPI_EndRxTxTransaction  stm32f1xx_hal_spi.o
    0x08003ab4   0x08003ab4   0x000000b8   Code   RO         3399    i.SPI_WaitFlagStateUntilTimeout  stm32f1xx_hal_spi.o
    0x08003b6c   0x08003b6c   0x00000002   Code   RO          495    i.SVC_Handler       stm32f1xx_it.o
    0x08003b6e   0x08003b6e   0x00000002   PAD
    0x08003b70   0x08003b70   0x00000104   Code   RO         4355    i.Show_Informain    app_car.o
    0x08003c74   0x08003c74   0x00000002   Code   RO          496    i.SysTick_Handler   stm32f1xx_it.o
    0x08003c76   0x08003c76   0x00000078   Code   RO           15    i.SystemClock_Config  main.o
    0x08003cee   0x08003cee   0x00000002   Code   RO         4031    i.SystemInit        system_stm32f1xx.o
    0x08003cf0   0x08003cf0   0x0000000c   Code   RO          497    i.TIM1_UP_IRQHandler  stm32f1xx_it.o
    0x08003cfc   0x08003cfc   0x00000078   Code   RO          777    i.TIM_Base_SetConfig  stm32f1xx_hal_tim.o
    0x08003d74   0x08003d74   0x00000014   Code   RO          788    i.TIM_ETR_SetConfig  stm32f1xx_hal_tim.o
    0x08003d88   0x08003d88   0x00000010   Code   RO          789    i.TIM_ITRx_SetConfig  stm32f1xx_hal_tim.o
    0x08003d98   0x08003d98   0x00000050   Code   RO          790    i.TIM_OC1_SetConfig  stm32f1xx_hal_tim.o
    0x08003de8   0x08003de8   0x00000058   Code   RO          791    i.TIM_OC2_SetConfig  stm32f1xx_hal_tim.o
    0x08003e40   0x08003e40   0x00000058   Code   RO          792    i.TIM_OC3_SetConfig  stm32f1xx_hal_tim.o
    0x08003e98   0x08003e98   0x00000044   Code   RO          793    i.TIM_OC4_SetConfig  stm32f1xx_hal_tim.o
    0x08003edc   0x08003edc   0x00000022   Code   RO          795    i.TIM_TI1_ConfigInputStage  stm32f1xx_hal_tim.o
    0x08003efe   0x08003efe   0x00000024   Code   RO          797    i.TIM_TI2_ConfigInputStage  stm32f1xx_hal_tim.o
    0x08003f22   0x08003f22   0x00000010   Code   RO         3710    i.UART_DMAAbortOnError  stm32f1xx_hal_uart.o
    0x08003f32   0x08003f32   0x0000004e   Code   RO         3720    i.UART_EndRxTransfer  stm32f1xx_hal_uart.o
    0x08003f80   0x08003f80   0x000000c2   Code   RO         3722    i.UART_Receive_IT   stm32f1xx_hal_uart.o
    0x08004042   0x08004042   0x00000002   PAD
    0x08004044   0x08004044   0x000000b8   Code   RO         3723    i.UART_SetConfig    stm32f1xx_hal_uart.o
    0x080040fc   0x080040fc   0x00000072   Code   RO         3726    i.UART_WaitOnFlagUntilTimeout  stm32f1xx_hal_uart.o
    0x0800416e   0x0800416e   0x00000002   PAD
    0x08004170   0x08004170   0x0000000c   Code   RO          498    i.USART1_IRQHandler  stm32f1xx_it.o
    0x0800417c   0x0800417c   0x0000000c   Code   RO          499    i.USART2_IRQHandler  stm32f1xx_it.o
    0x08004188   0x08004188   0x00000002   Code   RO          500    i.UsageFault_Handler  stm32f1xx_it.o
    0x0800418a   0x0800418a   0x00000002   PAD
    0x0800418c   0x0800418c   0x00000024   Code   RO         4142    i.Write_MPU6050     mpu6050.o
    0x080041b0   0x080041b0   0x00000020   Code   RO         4701    i.__0printf         mc_w.l(printfa.o)
    0x080041d0   0x080041d0   0x00000028   Code   RO         4703    i.__0sprintf        mc_w.l(printfa.o)
    0x080041f8   0x080041f8   0x00000028   Code   RO         4817    i.__ARM_fpclassify  m_ws.l(fpclassify.o)
    0x08004220   0x08004220   0x00000020   Code   RO         2421    i.__NVIC_SetPriority  stm32f1xx_hal_cortex.o
    0x08004240   0x08004240   0x000000aa   Code   RO         4819    i.__kernel_poly     m_ws.l(poly.o)
    0x080042ea   0x080042ea   0x00000006   Code   RO         4764    i.__mathlib_dbl_infnan  m_ws.l(dunder.o)
    0x080042f0   0x080042f0   0x00000004   Code   RO         4765    i.__mathlib_dbl_infnan2  m_ws.l(dunder.o)
    0x080042f4   0x080042f4   0x00000010   Code   RO         4769    i.__mathlib_dbl_underflow  m_ws.l(dunder.o)
    0x08004304   0x08004304   0x0000000e   Code   RO         4825    i.__scatterload_copy  mc_w.l(handlers.o)
    0x08004312   0x08004312   0x00000002   Code   RO         4826    i.__scatterload_null  mc_w.l(handlers.o)
    0x08004314   0x08004314   0x0000000e   Code   RO         4827    i.__scatterload_zeroinit  mc_w.l(handlers.o)
    0x08004322   0x08004322   0x00000002   PAD
    0x08004324   0x08004324   0x00000184   Code   RO         4708    i._fp_digits        mc_w.l(printfa.o)
    0x080044a8   0x080044a8   0x000006dc   Code   RO         4709    i._printf_core      mc_w.l(printfa.o)
    0x08004b84   0x08004b84   0x00000024   Code   RO         4710    i._printf_post_padding  mc_w.l(printfa.o)
    0x08004ba8   0x08004ba8   0x0000002e   Code   RO         4711    i._printf_pre_padding  mc_w.l(printfa.o)
    0x08004bd6   0x08004bd6   0x0000000a   Code   RO         4713    i._sputc            mc_w.l(printfa.o)
    0x08004be0   0x08004be0   0x00000220   Code   RO         4754    i.atan              m_ws.l(atan.o)
    0x08004e00   0x08004e00   0x00000180   Code   RO         4454    i.atan2             m_ws.l(atan2.o)
    0x08004f80   0x08004f80   0x00000018   Code   RO          439    i.fputc             usart.o
    0x08004f98   0x08004f98   0x0000005c   Code   RO           16    i.main              main.o
    0x08004ff4   0x08004ff4   0x00000012   Data   RO         2119    .constdata          stm32f1xx_hal_rcc.o
    0x08005006   0x08005006   0x00000012   Data   RO         2211    .constdata          stm32f1xx_hal_rcc_ex.o
    0x08005018   0x08005018   0x00000010   Data   RO         4032    .constdata          system_stm32f1xx.o
    0x08005028   0x08005028   0x00000008   Data   RO         4033    .constdata          system_stm32f1xx.o
    0x08005030   0x08005030   0x00001e10   Data   RO         4231    .constdata          oled.o
    0x08006e40   0x08006e40   0x00000098   Data   RO         4755    .constdata          m_ws.l(atan.o)
    0x08006ed8   0x08006ed8   0x00000008   Data   RO         4777    .constdata          m_ws.l(qnan.o)
    0x08006ee0   0x08006ee0   0x00000020   Data   RO         4823    Region$$Table       anon$$obj.o


    Execution Region RW_IRAM1 (Exec base: 0x20000000, Load base: 0x08006f00, Size: 0x00000ba0, Max: 0x00005000, ABSOLUTE)

    Exec Addr    Load Addr    Size         Type   Attr      Idx    E Section Name        Object

    0x20000000   0x08006f00   0x0000000c   Data   RW         1956    .data               stm32f1xx_hal.o
    0x2000000c   0x08006f0c   0x00000004   Data   RW         4034    .data               system_stm32f1xx.o
    0x20000010   0x08006f10   0x00000020   Data   RW         4356    .data               app_car.o
    0x20000030   0x08006f30   0x0000004c   Data   RW         4395    .data               kalman_filtering.o
    0x2000007c   0x08006f7c   0x00000004   Data   RW         4792    .data               mc_w.l(stdout.o)
    0x20000080        -       0x00000030   Zero   RW          235    .bss                adc.o
    0x200000b0        -       0x00000054   Zero   RW          282    .bss                i2c.o
    0x20000104        -       0x00000058   Zero   RW          324    .bss                spi.o
    0x2000015c        -       0x000000d8   Zero   RW          371    .bss                tim.o
    0x20000234        -       0x00000090   Zero   RW          440    .bss                usart.o
    0x200002c4        -       0x00000048   Zero   RW          610    .bss                stm32f1xx_hal_timebase_tim.o
    0x2000030c        -       0x00000480   Zero   RW         4230    .bss                oled.o
    0x2000078c        -       0x00000010   Zero   RW         4393    .bss                kalman_filtering.o
    0x2000079c   0x08006f80   0x00000004   PAD
    0x200007a0        -       0x00000400   Zero   RW            1    STACK               startup_stm32f103xb.o


==============================================================================

Image component sizes


      Code (inc. data)   RO Data    RW Data    ZI Data      Debug   Object Name

       248         40          0          0         48       2161   adc.o
       416         74          0         32          0       1693   app_car.o
        44         10          0          0          0        582   encoder.o
       200         14          0          0          0        991   gpio.o
       160         28          0          0         84       1657   i2c.o
       364         12          0         76         16       1760   kalman_filtering.o
       236         12          0          0          0     465336   main.o
       328         24          0          0          0       4349   mpu6050.o
       800         48       7696          0       1152       6023   oled.o
       164         22          0          0         88       1665   spi.o
        36          8        236          0       1024        808   startup_stm32f103xb.o
       100         18          0         12          0       5290   stm32f1xx_hal.o
       944         42          0          0          0       5460   stm32f1xx_hal_adc.o
       216          6          0          0          0       1446   stm32f1xx_hal_adc_ex.o
       158         14          0          0          0      28222   stm32f1xx_hal_cortex.o
       222          4          0          0          0       1791   stm32f1xx_hal_dma.o
       490         34          0          0          0       2908   stm32f1xx_hal_gpio.o
      2382         56          0          0          0      13086   stm32f1xx_hal_i2c.o
        60          8          0          0          0        886   stm32f1xx_hal_msp.o
      1304         94         18          0          0       5793   stm32f1xx_hal_rcc.o
       400         28         18          0          0       2489   stm32f1xx_hal_rcc_ex.o
       772          4          0          0          0       4378   stm32f1xx_hal_spi.o
      1720         44          0          0          0      15721   stm32f1xx_hal_tim.o
       108         12          0          0          0       2433   stm32f1xx_hal_tim_ex.o
       140         22          0          0         72       1447   stm32f1xx_hal_timebase_tim.o
      1474         10          0          0          0      10172   stm32f1xx_hal_uart.o
        54         18          0          0          0       5263   stm32f1xx_it.o
         2          0         24          4          0       1139   system_stm32f1xx.o
       704         66          0          0        216       4476   tim.o
       352         38          0          0        144       2891   usart.o

    ----------------------------------------------------------------------
     14636        810       8024        124       2848     602316   Object Totals
         0          0         32          0          0          0   (incl. Generated)
        38          0          0          0          4          0   (incl. Padding)

    ----------------------------------------------------------------------

      Code (inc. data)   RO Data    RW Data    ZI Data      Debug   Library Member Name

       544         70        152          0          0        124   atan.o
       384         38          0          0          0        144   atan2.o
        26          6          0          0          0        204   dunder.o
        40          0          0          0          0         68   fpclassify.o
       170          0          0          0          0         96   poly.o
         0          0          8          0          0          0   qnan.o
         0          0          0          0          0          0   entry.o
         0          0          0          0          0          0   entry10a.o
         0          0          0          0          0          0   entry11a.o
         8          4          0          0          0          0   entry2.o
         4          0          0          0          0          0   entry5.o
         0          0          0          0          0          0   entry7b.o
         0          0          0          0          0          0   entry8b.o
         8          4          0          0          0          0   entry9a.o
        30          0          0          0          0          0   handlers.o
        36          8          0          0          0         68   init.o
         0          0          0          0          0          0   iusefp.o
        30          0          0          0          0         68   llshl.o
        36          0          0          0          0         68   llsshr.o
        32          0          0          0          0         68   llushr.o
        36          0          0          0          0        108   memseta.o
      2308         96          0          0          0        604   printfa.o
         0          0          0          4          0          0   stdout.o
        44          0          0          0          0         80   uidiv.o
        98          0          0          0          0         92   uldiv.o
        48          0          0          0          0         68   cdrcmple.o
        56          0          0          0          0         88   d2f.o
       334          0          0          0          0        148   dadd.o
       222          0          0          0          0        100   ddiv.o
       186          0          0          0          0        176   depilogue.o
        48          0          0          0          0         68   dfixul.o
        34          0          0          0          0         76   dflti.o
       228          0          0          0          0         96   dmul.o
        46          0          0          0          0         80   dscalb.o
        38          0          0          0          0         68   f2d.o
       176          0          0          0          0        140   fadd.o
       124          0          0          0          0         88   fdiv.o
       110          0          0          0          0        168   fepilogue.o
        10          0          0          0          0         68   ffltui.o
       100          0          0          0          0         76   fmul.o

    ----------------------------------------------------------------------
      5596        226        160          4          0       3300   Library Totals
         2          0          0          0          0          0   (incl. Padding)

    ----------------------------------------------------------------------

      Code (inc. data)   RO Data    RW Data    ZI Data      Debug   Library Name

      1164        114        160          0          0        636   m_ws.l
      2670        112          0          4          0       1156   mc_w.l
      1760          0          0          0          0       1508   mf_w.l

    ----------------------------------------------------------------------
      5596        226        160          4          0       3300   Library Totals

    ----------------------------------------------------------------------

==============================================================================


      Code (inc. data)   RO Data    RW Data    ZI Data      Debug   

     20232       1036       8184        128       2848     597292   Grand Totals
     20232       1036       8184        128       2848     597292   ELF Image Totals
     20232       1036       8184        128          0          0   ROM Totals

==============================================================================

    Total RO  Size (Code + RO Data)                28416 (  27.75kB)
    Total RW  Size (RW Data + ZI Data)              2976 (   2.91kB)
    Total ROM Size (Code + RO Data + RW Data)      28544 (  27.88kB)

==============================================================================

